Archive member included to satisfy reference by file (symbol)

/usr/lib/gcc/arm-none-eabi/6.3.1/../../../arm-none-eabi/lib/thumb/v7e-m/fpv4-sp/hard/libc.a(lib_a-atoi.o)
                              ../gcc/edge/bin/app_terminal.o (atoi)
/usr/lib/gcc/arm-none-eabi/6.3.1/../../../arm-none-eabi/lib/thumb/v7e-m/fpv4-sp/hard/libc.a(lib_a-memcmp.o)
                              ../gcc/edge/bin/smpi_act.o (memcmp)
/usr/lib/gcc/arm-none-eabi/6.3.1/../../../arm-none-eabi/lib/thumb/v7e-m/fpv4-sp/hard/libc.a(lib_a-memcpy.o)
                              ../gcc/edge/bin/smpi_act.o (memcpy)
/usr/lib/gcc/arm-none-eabi/6.3.1/../../../arm-none-eabi/lib/thumb/v7e-m/fpv4-sp/hard/libc.a(lib_a-memmove.o)
                              ../gcc/edge/bin/dm_adv.o (memmove)
/usr/lib/gcc/arm-none-eabi/6.3.1/../../../arm-none-eabi/lib/thumb/v7e-m/fpv4-sp/hard/libc.a(lib_a-memset.o)
                              ../gcc/edge/bin/smpi_act.o (memset)
/usr/lib/gcc/arm-none-eabi/6.3.1/../../../arm-none-eabi/lib/thumb/v7e-m/fpv4-sp/hard/libc.a(lib_a-strcmp.o)
                              ../gcc/edge/bin/terminal.o (strcmp)
/usr/lib/gcc/arm-none-eabi/6.3.1/../../../arm-none-eabi/lib/thumb/v7e-m/fpv4-sp/hard/libc.a(lib_a-strcpy.o)
                              ../gcc/edge/bin/print.o (strcpy)
/usr/lib/gcc/arm-none-eabi/6.3.1/../../../arm-none-eabi/lib/thumb/v7e-m/fpv4-sp/hard/libc.a(lib_a-strlen.o)
                              ../gcc/edge/bin/print.o (strlen)
/usr/lib/gcc/arm-none-eabi/6.3.1/../../../arm-none-eabi/lib/thumb/v7e-m/fpv4-sp/hard/libc.a(lib_a-strncpy.o)
                              ../gcc/edge/bin/ui_lcd.o (strncpy)
/usr/lib/gcc/arm-none-eabi/6.3.1/../../../arm-none-eabi/lib/thumb/v7e-m/fpv4-sp/hard/libc.a(lib_a-strtol.o)
                              /usr/lib/gcc/arm-none-eabi/6.3.1/../../../arm-none-eabi/lib/thumb/v7e-m/fpv4-sp/hard/libc.a(lib_a-atoi.o) (_strtol_r)
/usr/lib/gcc/arm-none-eabi/6.3.1/../../../arm-none-eabi/lib/thumb/v7e-m/fpv4-sp/hard/libc.a(lib_a-ctype_.o)
                              /usr/lib/gcc/arm-none-eabi/6.3.1/../../../arm-none-eabi/lib/thumb/v7e-m/fpv4-sp/hard/libc.a(lib_a-strtol.o) (__ctype_ptr__)
/usr/lib/gcc/arm-none-eabi/6.3.1/../../../arm-none-eabi/lib/thumb/v7e-m/fpv4-sp/hard/libc.a(lib_a-impure.o)
                              /usr/lib/gcc/arm-none-eabi/6.3.1/../../../arm-none-eabi/lib/thumb/v7e-m/fpv4-sp/hard/libc.a(lib_a-strtol.o) (_impure_ptr)
/usr/lib/gcc/arm-none-eabi/6.3.1/thumb/v7e-m/fpv4-sp/hard/libgcc.a(_arm_truncdfsf2.o)
                              ../gcc/edge/bin/am_util_stdio.o (__aeabi_d2f)
../../../../../mcu/apollo3/hal/gcc/bin/libam_hal.a(am_hal_ble.o)
                              ../gcc/edge/bin/hci_drv_apollo3.o (am_hal_ble_initialize)
../../../../../mcu/apollo3/hal/gcc/bin/libam_hal.a(am_hal_ble_patch.o)
                              ../../../../../mcu/apollo3/hal/gcc/bin/libam_hal.a(am_hal_ble.o) (am_hal_ble_num_default_patches)
../../../../../mcu/apollo3/hal/gcc/bin/libam_hal.a(am_hal_ble_patch_b0.o)
                              ../../../../../mcu/apollo3/hal/gcc/bin/libam_hal.a(am_hal_ble.o) (am_hal_ble_num_default_patches_b0)
../../../../../mcu/apollo3/hal/gcc/bin/libam_hal.a(am_hal_cachectrl.o)
                              ../gcc/edge/bin/ble_freertos_dats.o (am_hal_cachectrl_config)
../../../../../mcu/apollo3/hal/gcc/bin/libam_hal.a(am_hal_clkgen.o)
                              ../gcc/edge/bin/ble_freertos_dats.o (am_hal_clkgen_control)
../../../../../mcu/apollo3/hal/gcc/bin/libam_hal.a(am_hal_ctimer.o)
                              ../gcc/edge/bin/rtos.o (am_hal_ctimer_int_service)
../../../../../mcu/apollo3/hal/gcc/bin/libam_hal.a(am_hal_debug.o)
                              ../../../../../mcu/apollo3/hal/gcc/bin/libam_hal.a(am_hal_ctimer.o) (am_hal_debug_error)
../../../../../mcu/apollo3/hal/gcc/bin/libam_hal.a(am_hal_flash.o)
                              ../gcc/edge/bin/am_util_delay.o (am_hal_flash_delay)
../../../../../mcu/apollo3/hal/gcc/bin/libam_hal.a(am_hal_gpio.o)
                              ../gcc/edge/bin/am_devices_button.o (am_hal_gpio_pinconfig)
../../../../../mcu/apollo3/hal/gcc/bin/libam_hal.a(am_hal_interrupt.o)
                              ../../../../../mcu/apollo3/hal/gcc/bin/libam_hal.a(am_hal_ble.o) (am_hal_interrupt_master_disable)
../../../../../mcu/apollo3/hal/gcc/bin/libam_hal.a(am_hal_mcuctrl.o)
                              ../gcc/edge/bin/am_util_faultisr.o (am_hal_mcuctrl_info_get)
../../../../../mcu/apollo3/hal/gcc/bin/libam_hal.a(am_hal_pwrctrl.o)
                              ../../../../../mcu/apollo3/hal/gcc/bin/libam_hal.a(am_hal_ble.o) (am_hal_pwrctrl_periph_enable)
../../../../../mcu/apollo3/hal/gcc/bin/libam_hal.a(am_hal_queue.o)
                              ../gcc/edge/bin/hci_drv_apollo3.o (am_hal_queue_init)
../../../../../mcu/apollo3/hal/gcc/bin/libam_hal.a(am_hal_reset.o)
                              ../../../../../mcu/apollo3/hal/gcc/bin/libam_hal.a(am_hal_clkgen.o) (gAmHalResetStatus)
[...]
Memory Configuration

Name             Origin             Length             Attributes
ROMEM            0x000000000000c000 0x00000000000f0000 xr
RWMEM            0x0000000010000000 0x0000000000060000 xrw
*default*        0x0000000000000000 0xffffffffffffffff

Linker script and memory map


.text           0x000000000000c000    0x1fb54
                0x000000000000c000                . = ALIGN (0x4)
 *(.isr_vector)
 .isr_vector    0x000000000000c000       0xc0 ../gcc/edge/bin/startup_gcc.o
                0x000000000000c000                g_am_pfnVectors
 *(.patch)
 .patch         0x000000000000c0c0       0x40 ../gcc/edge/bin/startup_gcc.o
                0x000000000000c0c0                __Patchable
 *(.text)
 .text          0x000000000000c100       0x60 /usr/lib/gcc/arm-none-eabi/6.3.1/../../../arm-none-eabi/lib/thumb/v7e-m/fpv4-sp/hard/libc.a(lib_a-memcmp.o)
                0x000000000000c100                memcmp
 .text          0x000000000000c160      0x134 /usr/lib/gcc/arm-none-eabi/6.3.1/../../../arm-none-eabi/lib/thumb/v7e-m/fpv4-sp/hard/libc.a(lib_a-memcpy.o)
                0x000000000000c160                memcpy
 .text          0x000000000000c294       0x9c /usr/lib/gcc/arm-none-eabi/6.3.1/../../../arm-none-eabi/lib/thumb/v7e-m/fpv4-sp/hard/libc.a(lib_a-memset.o)
                0x000000000000c294                memset
 .text          0x000000000000c330       0xa0 /usr/lib/gcc/arm-none-eabi/6.3.1/thumb/v7e-m/fpv4-sp/hard/libgcc.a(_arm_truncdfsf2.o)
                0x000000000000c330                __aeabi_d2f
                0x000000000000c330                __truncdfsf2
 *(.text*)
 .text.smprActSendSecurityReq
                0x000000000000c3d0       0x48 ../gcc/edge/bin/smpr_act.o
                0x000000000000c3d0                smprActSendSecurityReq
 .text.smprActProcPairReq
                0x000000000000c418       0xcc ../gcc/edge/bin/smpr_act.o
                0x000000000000c418                smprActProcPairReq
 .text.smprActSendPairRsp
                0x000000000000c4e4       0xf4 ../gcc/edge/bin/smpr_act.o
                0x000000000000c4e4                smprActSendPairRsp
 .text.smprActProcPairCnf
                0x000000000000c5d8       0x30 ../gcc/edge/bin/smpr_act.o
                0x000000000000c5d8                smprActProcPairCnf
 .text.smprActProcPairCnfCalc1
                0x000000000000c608       0x3a ../gcc/edge/bin/smpr_act.o
                0x000000000000c608                smprActProcPairCnfCalc1
 *fill*         0x000000000000c642        0x2 
 .text.smprActCnfVerify
                0x000000000000c644       0x90 ../gcc/edge/bin/smpr_act.o
                0x000000000000c644                smprActCnfVerify
 .text.smprActSendPairRandom
                0x000000000000c6d4       0x96 ../gcc/edge/bin/smpr_act.o
                0x000000000000c6d4                smprActSendPairRandom
 .text.smprActSetupKeyDist
                0x000000000000c76a       0x6a ../gcc/edge/bin/smpr_act.o
                0x000000000000c76a                smprActSetupKeyDist
 .text.smprActSendKey
                0x000000000000c7d4       0xe0 ../gcc/edge/bin/smpr_act.o
                0x000000000000c7d4                smprActSendKey
 .text.smprActRcvKey
                0x000000000000c8b4       0x4a ../gcc/edge/bin/smpr_act.o
                0x000000000000c8b4                smprActRcvKey
 *fill*         0x000000000000c8fe        0x2 
 .text.smprScActStoreLescPin
                0x000000000000c900       0x7c ../gcc/edge/bin/smpr_sc_act.o
                0x000000000000c900                smprScActStoreLescPin
 .text.smprScActSendPubKey
                0x000000000000c97c       0x20 ../gcc/edge/bin/smpr_sc_act.o
                0x000000000000c97c                smprScActSendPubKey
 .text.smprScActJwncSetup
                0x000000000000c99c       0x6c ../gcc/edge/bin/smpr_sc_act.o
                0x000000000000c99c                smprScActJwncSetup
 .text.smprScActJwncSendCnf
                0x000000000000ca08       0x30 ../gcc/edge/bin/smpr_sc_act.o
                0x000000000000ca08                smprScActJwncSendCnf
 .text.smprScActJwncCalcG2
                0x000000000000ca38       0x30 ../gcc/edge/bin/smpr_sc_act.o
                0x000000000000ca38                smprScActJwncCalcG2
 .text.smprScActJwncDisplay
                0x000000000000ca68       0x32 ../gcc/edge/bin/smpr_sc_act.o
                0x000000000000ca68                smprScActJwncDisplay
 .text.smprScActPkStoreCnf
                0x000000000000ca9a       0x2a ../gcc/edge/bin/smpr_sc_act.o
                0x000000000000ca9a                smprScActPkStoreCnf
 .text.smprScActPkStoreCnfAndCalcCb
                0x000000000000cac4       0x20 ../gcc/edge/bin/smpr_sc_act.o
                0x000000000000cac4                smprScActPkStoreCnfAndCalcCb
 .text.smprScActPkStorePinAndCalcCb
                0x000000000000cae4       0x20 ../gcc/edge/bin/smpr_sc_act.o
                0x000000000000cae4                smprScActPkStorePinAndCalcCb
 .text.smprScActPkCalcCb
                0x000000000000cb04       0x70 ../gcc/edge/bin/smpr_sc_act.o
                0x000000000000cb04                smprScActPkCalcCb
 .text.smprScActPkSendCnf
                0x000000000000cb74       0x30 ../gcc/edge/bin/smpr_sc_act.o
                0x000000000000cb74                smprScActPkSendCnf
 .text.smprScActPkCalcCa
                0x000000000000cba4       0x56 ../gcc/edge/bin/smpr_sc_act.o
                0x000000000000cba4                smprScActPkCalcCa
 *fill*         0x000000000000cbfa        0x2 
 .text.smprScActPkSendRand
                0x000000000000cbfc       0xac ../gcc/edge/bin/smpr_sc_act.o
                0x000000000000cbfc                smprScActPkSendRand
 .text.smprScActOobSetup
                0x000000000000cca8       0x14 ../gcc/edge/bin/smpr_sc_act.o
                0x000000000000cca8                smprScActOobSetup
 .text.smprScActOobCalcCa
                0x000000000000ccbc       0xac ../gcc/edge/bin/smpr_sc_act.o
                0x000000000000ccbc                smprScActOobCalcCa
 .text.smprScActOobSendRand
                0x000000000000cd68       0x90 ../gcc/edge/bin/smpr_sc_act.o
                0x000000000000cd68                smprScActOobSendRand
 .text.smprScActStoreDhCheck
                0x000000000000cdf8       0x32 ../gcc/edge/bin/smpr_sc_act.o
                0x000000000000cdf8                smprScActStoreDhCheck
 .text.smprScActWaitDhCheck
                0x000000000000ce2a       0x34 ../gcc/edge/bin/smpr_sc_act.o
                0x000000000000ce2a                smprScActWaitDhCheck
 .text.smprScActCalcDHKey
                0x000000000000ce5e       0x3c ../gcc/edge/bin/smpr_sc_act.o
                0x000000000000ce5e                smprScActCalcDHKey
 *fill*         0x000000000000ce9a        0x2 
 .text.smprScActDHKeyCheckSend
                0x000000000000ce9c       0xfc ../gcc/edge/bin/smpr_sc_act.o
                0x000000000000ce9c                smprScActDHKeyCheckSend
 .text.SmprScInit
                0x000000000000cf98       0x1c ../gcc/edge/bin/smpr_sc_sm.o
                0x000000000000cf98                SmprScInit
 .text.SmprInit
                0x000000000000cfb4       0x2c ../gcc/edge/bin/smpr_sm.o
                0x000000000000cfb4                SmprInit
 .text.smpStartRspTimer
                0x000000000000cfe0       0x24 ../gcc/edge/bin/smp_act.o
                0x000000000000cfe0                smpStartRspTimer
 .text.smpActNone
                0x000000000000d004        0xc ../gcc/edge/bin/smp_act.o
                0x000000000000d004                smpActNone
 .text.smpCleanup
                0x000000000000d010       0x5e ../gcc/edge/bin/smp_act.o
                0x000000000000d010                smpCleanup
 .text.smpActCleanup
                0x000000000000d06e       0x16 ../gcc/edge/bin/smp_act.o
                0x000000000000d06e                smpActCleanup
 .text.smpSendPairingFailed
                0x000000000000d084       0x46 ../gcc/edge/bin/smp_act.o
                0x000000000000d084                smpSendPairingFailed
 .text.smpActPairingFailed
                0x000000000000d0ca       0x32 ../gcc/edge/bin/smp_act.o
                0x000000000000d0ca                smpActPairingFailed
 .text.smpActPairingCancel
                0x000000000000d0fc       0x24 ../gcc/edge/bin/smp_act.o
                0x000000000000d0fc                smpActPairingCancel
 .text.smpActStorePin
                0x000000000000d120       0x3c ../gcc/edge/bin/smp_act.o
                0x000000000000d120                smpActStorePin
 .text.smpProcPairing
                0x000000000000d15c      0x208 ../gcc/edge/bin/smp_act.o
                0x000000000000d15c                smpProcPairing
 .text.smpAuthReq
                0x000000000000d364       0x88 ../gcc/edge/bin/smp_act.o
                0x000000000000d364                smpAuthReq
 .text.smpActPairCnfCalc1
                0x000000000000d3ec       0x3a ../gcc/edge/bin/smp_act.o
                0x000000000000d3ec                smpActPairCnfCalc1
 .text.smpActPairCnfCalc2
                0x000000000000d426       0x22 ../gcc/edge/bin/smp_act.o
                0x000000000000d426                smpActPairCnfCalc2
 .text.smpActSendPairCnf
                0x000000000000d448       0x60 ../gcc/edge/bin/smp_act.o
                0x000000000000d448                smpActSendPairCnf
 .text.smpActPairCnfVerCalc1
                0x000000000000d4a8       0x36 ../gcc/edge/bin/smp_act.o
                0x000000000000d4a8                smpActPairCnfVerCalc1
 .text.smpActPairCnfVerCalc2
                0x000000000000d4de       0x22 ../gcc/edge/bin/smp_act.o
                0x000000000000d4de                smpActPairCnfVerCalc2
 .text.smpSendKey
                0x000000000000d500      0x2ac ../gcc/edge/bin/smp_act.o
                0x000000000000d500                smpSendKey
 .text.smpProcRcvKey
                0x000000000000d7ac      0x19e ../gcc/edge/bin/smp_act.o
                0x000000000000d7ac                smpProcRcvKey
 .text.smpActMaxAttempts
                0x000000000000d94a       0x40 ../gcc/edge/bin/smp_act.o
                0x000000000000d94a                smpActMaxAttempts
 .text.smpActAttemptRcvd
                0x000000000000d98a       0x14 ../gcc/edge/bin/smp_act.o
                0x000000000000d98a                smpActAttemptRcvd
 .text.smpActNotifyDmAttemptsFailure
                0x000000000000d99e       0x22 ../gcc/edge/bin/smp_act.o
                0x000000000000d99e                smpActNotifyDmAttemptsFailure
 .text.smpActNotifyDmRspToFailure
                0x000000000000d9c0       0x22 ../gcc/edge/bin/smp_act.o
                0x000000000000d9c0                smpActNotifyDmRspToFailure
 .text.smpActCheckAttempts
                0x000000000000d9e2       0x38 ../gcc/edge/bin/smp_act.o
                0x000000000000d9e2                smpActCheckAttempts
 .text.smpActPairingCmpl
                0x000000000000da1a       0x4a ../gcc/edge/bin/smp_act.o
                0x000000000000da1a                smpActPairingCmpl
 .text.smpSmExecute
                0x000000000000da64       0xb0 ../gcc/edge/bin/smp_act.o
                0x000000000000da64                smpSmExecute
 .text.smpDbStartServiceTimer
                0x000000000000db14       0x24 ../gcc/edge/bin/smp_db.o
 .text.smpDbRecordInUse
                0x000000000000db38       0x30 ../gcc/edge/bin/smp_db.o
 .text.smpDbAddDevice
                0x000000000000db68       0x74 ../gcc/edge/bin/smp_db.o
 .text.smpDbGetRecord
                0x000000000000dbdc       0xc8 ../gcc/edge/bin/smp_db.o
 .text.SmpDbInit
                0x000000000000dca4       0x40 ../gcc/edge/bin/smp_db.o
                0x000000000000dca4                SmpDbInit
 .text.SmpDbGetPairingDisabledTime
                0x000000000000dce4       0x38 ../gcc/edge/bin/smp_db.o
                0x000000000000dce4                SmpDbGetPairingDisabledTime
 .text.SmpDbSetFailureCount
                0x000000000000dd1c       0x58 ../gcc/edge/bin/smp_db.o
                0x000000000000dd1c                SmpDbSetFailureCount
 .text.SmpDbGetFailureCount
                0x000000000000dd74       0x38 ../gcc/edge/bin/smp_db.o
                0x000000000000dd74                SmpDbGetFailureCount
 .text.SmpDbMaxAttemptReached
                0x000000000000ddac       0xa4 ../gcc/edge/bin/smp_db.o
                0x000000000000ddac                SmpDbMaxAttemptReached
 .text.SmpDbPairingFailed
                0x000000000000de50       0x3c ../gcc/edge/bin/smp_db.o
                0x000000000000de50                SmpDbPairingFailed
 .text.SmpDbService
                0x000000000000de8c       0xe0 ../gcc/edge/bin/smp_db.o
                0x000000000000de8c                SmpDbService
 .text.smpL2cDataCback
                0x000000000000df6c       0xc4 ../gcc/edge/bin/smp_main.o
 .text.smpL2cCtrlCback
                0x000000000000e030       0x7c ../gcc/edge/bin/smp_main.o
 .text.smpResumeAttemptsState
                0x000000000000e0ac       0x8c ../gcc/edge/bin/smp_main.o
 .text.smpDmConnCback
                0x000000000000e138      0x11a ../gcc/edge/bin/smp_main.o
 *fill*         0x000000000000e252        0x2 
 .text.smpCcbByHandle
                0x000000000000e254       0x44 ../gcc/edge/bin/smp_main.o
                0x000000000000e254                smpCcbByHandle
 .text.smpCcbByConnId
                0x000000000000e298       0x24 ../gcc/edge/bin/smp_main.o
                0x000000000000e298                smpCcbByConnId
 .text.smpCalcC1Part1
                0x000000000000e2bc      0x1e0 ../gcc/edge/bin/smp_main.o
                0x000000000000e2bc                smpCalcC1Part1
 .text.smpCalcC1Part2
                0x000000000000e49c      0x1b8 ../gcc/edge/bin/smp_main.o
                0x000000000000e49c                smpCalcC1Part2
 .text.smpCalcS1
                0x000000000000e654       0x74 ../gcc/edge/bin/smp_main.o
                0x000000000000e654                smpCalcS1
 .text.smpGenerateLtk
                0x000000000000e6c8       0xa4 ../gcc/edge/bin/smp_main.o
                0x000000000000e6c8                smpGenerateLtk
 .text.smpSendPkt
                0x000000000000e76c       0x68 ../gcc/edge/bin/smp_main.o
                0x000000000000e76c                smpSendPkt
 .text.smpStateIdle
                0x000000000000e7d4       0x1a ../gcc/edge/bin/smp_main.o
                0x000000000000e7d4                smpStateIdle
 .text.smpMsgAlloc
                0x000000000000e7ee       0x20 ../gcc/edge/bin/smp_main.o
                0x000000000000e7ee                smpMsgAlloc
 *fill*         0x000000000000e80e        0x2 
 .text.SmpDmMsgSend
                0x000000000000e810       0x20 ../gcc/edge/bin/smp_main.o
                0x000000000000e810                SmpDmMsgSend
 .text.SmpDmEncryptInd
                0x000000000000e830       0x28 ../gcc/edge/bin/smp_main.o
                0x000000000000e830                SmpDmEncryptInd
 .text.smpGetScSecLevel
                0x000000000000e858       0x68 ../gcc/edge/bin/smp_main.o
                0x000000000000e858                smpGetScSecLevel
 .text.SmpDmGetStk
                0x000000000000e8c0       0x84 ../gcc/edge/bin/smp_main.o
                0x000000000000e8c0                SmpDmGetStk
 .text.SmpHandlerInit
                0x000000000000e944       0x94 ../gcc/edge/bin/smp_main.o
                0x000000000000e944                SmpHandlerInit
 .text.SmpHandler
                0x000000000000e9d8       0x98 ../gcc/edge/bin/smp_main.o
                0x000000000000e9d8                SmpHandler
 .text.smpScCatInitiatorBdAddr
                0x000000000000ea70       0xbe ../gcc/edge/bin/smp_sc_act.o
 .text.smpScCatResponderBdAddr
                0x000000000000eb2e       0xbe ../gcc/edge/bin/smp_sc_act.o
 .text.smpScProcPairing
                0x000000000000ebec      0x43c ../gcc/edge/bin/smp_sc_act.o
                0x000000000000ebec                smpScProcPairing
 .text.smpScAuthReq
                0x000000000000f028       0xa6 ../gcc/edge/bin/smp_sc_act.o
                0x000000000000f028                smpScAuthReq
 .text.smpScActCleanup
                0x000000000000f0ce       0x1e ../gcc/edge/bin/smp_sc_act.o
                0x000000000000f0ce                smpScActCleanup
 .text.smpScActPairingFailed
                0x000000000000f0ec       0x20 ../gcc/edge/bin/smp_sc_act.o
                0x000000000000f0ec                smpScActPairingFailed
 .text.smpScActPairingCancel
                0x000000000000f10c       0x24 ../gcc/edge/bin/smp_sc_act.o
                0x000000000000f10c                smpScActPairingCancel
 .text.smpScActAuthSelect
                0x000000000000f130       0xa0 ../gcc/edge/bin/smp_sc_act.o
                0x000000000000f130                smpScActAuthSelect
 .text.smpScActPkSetup
                0x000000000000f1d0       0x4a ../gcc/edge/bin/smp_sc_act.o
                0x000000000000f1d0                smpScActPkSetup
 *fill*         0x000000000000f21a        0x2 
 .text.smpScActJwncCalcF4
                0x000000000000f21c       0xdc ../gcc/edge/bin/smp_sc_act.o
                0x000000000000f21c                smpScActJwncCalcF4
 .text.smpScActJwncCalcG2
                0x000000000000f2f8       0xa2 ../gcc/edge/bin/smp_sc_act.o
                0x000000000000f2f8                smpScActJwncCalcG2
 *fill*         0x000000000000f39a        0x2 
 .text.smpScActJwncDisplay
                0x000000000000f39c       0x80 ../gcc/edge/bin/smp_sc_act.o
                0x000000000000f39c                smpScActJwncDisplay
 .text.smpScActPkKeypress
                0x000000000000f41c       0x6e ../gcc/edge/bin/smp_sc_act.o
                0x000000000000f41c                smpScActPkKeypress
 .text.smpScActPkSendKeypress
                0x000000000000f48a       0x68 ../gcc/edge/bin/smp_sc_act.o
                0x000000000000f48a                smpScActPkSendKeypress
 *fill*         0x000000000000f4f2        0x2 
 .text.smpScActCalcSharedSecret
                0x000000000000f4f4       0xa0 ../gcc/edge/bin/smp_sc_act.o
                0x000000000000f4f4                smpScActCalcSharedSecret
 .text.smpScActCalcF5TKey
                0x000000000000f594       0x84 ../gcc/edge/bin/smp_sc_act.o
                0x000000000000f594                smpScActCalcF5TKey
 .text.smpScActCalcF5MacKey
                0x000000000000f618       0xd4 ../gcc/edge/bin/smp_sc_act.o
                0x000000000000f618                smpScActCalcF5MacKey
 .text.smpScActCalcF5Ltk
                0x000000000000f6ec       0xcc ../gcc/edge/bin/smp_sc_act.o
                0x000000000000f6ec                smpScActCalcF5Ltk
 .text.smpScActDHKeyCalcF6Ea
                0x000000000000f7b8       0xd8 ../gcc/edge/bin/smp_sc_act.o
                0x000000000000f7b8                smpScActDHKeyCalcF6Ea
 .text.smpScActDHKeyCalcF6Eb
                0x000000000000f890       0xd4 ../gcc/edge/bin/smp_sc_act.o
                0x000000000000f890                smpScActDHKeyCalcF6Eb
 .text.SmpScAllocScratchBuffers
                0x000000000000f964       0xbc ../gcc/edge/bin/smp_sc_main.o
                0x000000000000f964                SmpScAllocScratchBuffers
 .text.SmpScFreeScratchBuffers
                0x000000000000fa20       0xa4 ../gcc/edge/bin/smp_sc_main.o
                0x000000000000fa20                SmpScFreeScratchBuffers
 .text.SmpScCmac
                0x000000000000fac4       0x64 ../gcc/edge/bin/smp_sc_main.o
                0x000000000000fac4                SmpScCmac
 .text.SmpScAlloc
                0x000000000000fb28       0x40 ../gcc/edge/bin/smp_sc_main.o
                0x000000000000fb28                SmpScAlloc
 .text.SmpScCalcF4
                0x000000000000fb68       0x5a ../gcc/edge/bin/smp_sc_main.o
                0x000000000000fb68                SmpScCalcF4
 *fill*         0x000000000000fbc2        0x2 
 .text.SmpScInit
                0x000000000000fbc4       0x70 ../gcc/edge/bin/smp_sc_main.o
                0x000000000000fbc4                SmpScInit
 .text.SmpScCat
                0x000000000000fc34       0x2c ../gcc/edge/bin/smp_sc_main.o
                0x000000000000fc34                SmpScCat
 .text.SmpScCat128
                0x000000000000fc60       0x1c ../gcc/edge/bin/smp_sc_main.o
                0x000000000000fc60                SmpScCat128
 .text.smpScSendPubKey
                0x000000000000fc7c       0x88 ../gcc/edge/bin/smp_sc_main.o
                0x000000000000fc7c                smpScSendPubKey
 .text.smpScSendDHKeyCheck
                0x000000000000fd04       0x6e ../gcc/edge/bin/smp_sc_main.o
                0x000000000000fd04                smpScSendDHKeyCheck
 .text.smpScSendRand
                0x000000000000fd72       0x6e ../gcc/edge/bin/smp_sc_main.o
                0x000000000000fd72                smpScSendRand
 .text.smpScSendPairCnf
                0x000000000000fde0       0x6e ../gcc/edge/bin/smp_sc_main.o
                0x000000000000fde0                smpScSendPairCnf
 .text.smpGetPkBit
                0x000000000000fe4e       0x52 ../gcc/edge/bin/smp_sc_main.o
                0x000000000000fe4e                smpGetPkBit
 .text.SmpScSetOobCfg
                0x000000000000fea0      0x11c ../gcc/edge/bin/smp_sc_main.o
                0x000000000000fea0                SmpScSetOobCfg
 .text.SmpScGetCancelMsgWithReattempt
                0x000000000000ffbc       0x88 ../gcc/edge/bin/smp_sc_main.o
                0x000000000000ffbc                SmpScGetCancelMsgWithReattempt
 .text.smpScFailWithReattempt
                0x0000000000010044       0x28 ../gcc/edge/bin/smp_sc_main.o
                0x0000000000010044                smpScFailWithReattempt
 .text.smpLogByteArray
                0x000000000001006c      0x160 ../gcc/edge/bin/smp_sc_main.o
                0x000000000001006c                smpLogByteArray
 .text.dmAdvCbInit
                0x00000000000101cc       0x68 ../gcc/edge/bin/dm_adv.o
                0x00000000000101cc                dmAdvCbInit
 .text.dmAdvInit
                0x0000000000010234       0x48 ../gcc/edge/bin/dm_adv.o
                0x0000000000010234                dmAdvInit
 .text.dmAdvGenConnCmpl
                0x000000000001027c       0x80 ../gcc/edge/bin/dm_adv.o
                0x000000000001027c                dmAdvGenConnCmpl
 .text.DmAdvConfig
                0x00000000000102fc       0x68 ../gcc/edge/bin/dm_adv.o
                0x00000000000102fc                DmAdvConfig
 .text.DmAdvSetData
                0x0000000000010364       0x88 ../gcc/edge/bin/dm_adv.o
                0x0000000000010364                DmAdvSetData
 .text.DmAdvStart
                0x00000000000103ec       0xa8 ../gcc/edge/bin/dm_adv.o
                0x00000000000103ec                DmAdvStart
 .text.DmAdvSetInterval
                0x0000000000010494       0x4c ../gcc/edge/bin/dm_adv.o
                0x0000000000010494                DmAdvSetInterval
 .text.dmAdvConfig
                0x00000000000104e0       0x68 ../gcc/edge/bin/dm_adv_leg.o
 .text.dmAdvActConfig
                0x0000000000010548       0x58 ../gcc/edge/bin/dm_adv_leg.o
                0x0000000000010548                dmAdvActConfig
 .text.dmAdvActSetData
                0x00000000000105a0       0x54 ../gcc/edge/bin/dm_adv_leg.o
                0x00000000000105a0                dmAdvActSetData
 .text.dmAdvActStart
                0x00000000000105f4       0x58 ../gcc/edge/bin/dm_adv_leg.o
                0x00000000000105f4                dmAdvActStart
 .text.dmAdvActStop
                0x000000000001064c       0x50 ../gcc/edge/bin/dm_adv_leg.o
                0x000000000001064c                dmAdvActStop
 .text.dmAdvActRemoveSet
                0x000000000001069c        0xa ../gcc/edge/bin/dm_adv_leg.o
                0x000000000001069c                dmAdvActRemoveSet
 .text.dmAdvActClearSets
                0x00000000000106a6        0xa ../gcc/edge/bin/dm_adv_leg.o
                0x00000000000106a6                dmAdvActClearSets
 .text.dmAdvActSetRandAddr
                0x00000000000106b0        0xa ../gcc/edge/bin/dm_adv_leg.o
                0x00000000000106b0                dmAdvActSetRandAddr
 *fill*         0x00000000000106ba        0x2 
 .text.dmAdvActTimeout
                0x00000000000106bc       0x30 ../gcc/edge/bin/dm_adv_leg.o
                0x00000000000106bc                dmAdvActTimeout
 .text.dmAdvReset
                0x00000000000106ec       0x4c ../gcc/edge/bin/dm_adv_leg.o
                0x00000000000106ec                dmAdvReset
 .text.dmAdvHciHandler
                0x0000000000010738      0x134 ../gcc/edge/bin/dm_adv_leg.o
                0x0000000000010738                dmAdvHciHandler
 .text.dmAdvMsgHandler
                0x000000000001086c       0x24 ../gcc/edge/bin/dm_adv_leg.o
                0x000000000001086c                dmAdvMsgHandler
 .text.dmAdvStartDirected
                0x0000000000010890       0x74 ../gcc/edge/bin/dm_adv_leg.o
                0x0000000000010890                dmAdvStartDirected
 .text.dmAdvStopDirected
                0x0000000000010904       0x50 ../gcc/edge/bin/dm_adv_leg.o
                0x0000000000010904                dmAdvStopDirected
 .text.dmAdvConnected
                0x0000000000010954       0x38 ../gcc/edge/bin/dm_adv_leg.o
                0x0000000000010954                dmAdvConnected
 .text.dmAdvConnectFailed
                0x000000000001098c       0x38 ../gcc/edge/bin/dm_adv_leg.o
                0x000000000001098c                dmAdvConnectFailed
 .text.DmAdvInit
                0x00000000000109c4       0x30 ../gcc/edge/bin/dm_adv_leg.o
                0x00000000000109c4                DmAdvInit
 .text.dmConnCmplStates
                0x00000000000109f4       0x70 ../gcc/edge/bin/dm_conn.o
 .text.dmConnCcbAlloc
                0x0000000000010a64       0x9c ../gcc/edge/bin/dm_conn.o
                0x0000000000010a64                dmConnCcbAlloc
 .text.dmConnCcbDealloc
                0x0000000000010b00       0x24 ../gcc/edge/bin/dm_conn.o
                0x0000000000010b00                dmConnCcbDealloc
 .text.dmConnCcbByHandle
                0x0000000000010b24       0x64 ../gcc/edge/bin/dm_conn.o
                0x0000000000010b24                dmConnCcbByHandle
 .text.dmConnCcbByBdAddr
                0x0000000000010b88       0x60 ../gcc/edge/bin/dm_conn.o
                0x0000000000010b88                dmConnCcbByBdAddr
 .text.dmConnCcbById
                0x0000000000010be8       0x48 ../gcc/edge/bin/dm_conn.o
                0x0000000000010be8                dmConnCcbById
 .text.dmConnNum
                0x0000000000010c30       0x4c ../gcc/edge/bin/dm_conn.o
                0x0000000000010c30                dmConnNum
 .text.dmConnExecCback
                0x0000000000010c7c       0x4c ../gcc/edge/bin/dm_conn.o
                0x0000000000010c7c                dmConnExecCback
 .text.dmConnSmActNone
                0x0000000000010cc8        0xc ../gcc/edge/bin/dm_conn.o
                0x0000000000010cc8                dmConnSmActNone
 .text.dmConnSmActClose
                0x0000000000010cd4       0x20 ../gcc/edge/bin/dm_conn.o
                0x0000000000010cd4                dmConnSmActClose
 .text.dmConnSmActConnOpened
                0x0000000000010cf4       0xf0 ../gcc/edge/bin/dm_conn.o
                0x0000000000010cf4                dmConnSmActConnOpened
 .text.dmConnSmActConnFailed
                0x0000000000010de4       0x58 ../gcc/edge/bin/dm_conn.o
                0x0000000000010de4                dmConnSmActConnFailed
 .text.dmConnSmActConnClosed
                0x0000000000010e3c       0x4c ../gcc/edge/bin/dm_conn.o
                0x0000000000010e3c                dmConnSmActConnClosed
 .text.dmConnSmActHciUpdated
                0x0000000000010e88       0x24 ../gcc/edge/bin/dm_conn.o
                0x0000000000010e88                dmConnSmActHciUpdated
 .text.dmConnReset
                0x0000000000010eac       0xd8 ../gcc/edge/bin/dm_conn.o
                0x0000000000010eac                dmConnReset
 .text.dmConnMsgHandler
                0x0000000000010f84       0x2a ../gcc/edge/bin/dm_conn.o
                0x0000000000010f84                dmConnMsgHandler
 .text.dmConnHciHandler
                0x0000000000010fae       0xa0 ../gcc/edge/bin/dm_conn.o
                0x0000000000010fae                dmConnHciHandler
 *fill*         0x000000000001104e        0x2 
 .text.dmConn2MsgHandler
                0x0000000000011050       0xc8 ../gcc/edge/bin/dm_conn.o
                0x0000000000011050                dmConn2MsgHandler
 .text.dmConn2HciHandler
                0x0000000000011118      0x100 ../gcc/edge/bin/dm_conn.o
                0x0000000000011118                dmConn2HciHandler
 .text.dmConn2ActRssiRead
                0x0000000000011218       0x54 ../gcc/edge/bin/dm_conn.o
 .text.dmConn2ActRemoteConnParamReq
                0x000000000001126c       0x60 ../gcc/edge/bin/dm_conn.o
 .text.dmConn2ActDataLenChange
                0x00000000000112cc       0x60 ../gcc/edge/bin/dm_conn.o
 .text.dmConn2ActWriteAuthToCmpl
                0x000000000001132c       0x48 ../gcc/edge/bin/dm_conn.o
 .text.dmConn2ActAuthToExpired
                0x0000000000011374       0x40 ../gcc/edge/bin/dm_conn.o
 .text.dmConn2ActReadRemoteFeaturesCmpl
                0x00000000000113b4       0x80 ../gcc/edge/bin/dm_conn.o
 .text.dmConn2ActReadRemoteVerInfoCmpl
                0x0000000000011434       0x60 ../gcc/edge/bin/dm_conn.o
 .text.DmConnInit
                0x0000000000011494       0x2c ../gcc/edge/bin/dm_conn.o
                0x0000000000011494                DmConnInit
 .text.DmConnRegister
                0x00000000000114c0       0x30 ../gcc/edge/bin/dm_conn.o
                0x00000000000114c0                DmConnRegister
 .text.DmReadRemoteFeatures
                0x00000000000114f0       0xb4 ../gcc/edge/bin/dm_conn.o
                0x00000000000114f0                DmReadRemoteFeatures
 .text.DmConnUpdate
                0x00000000000115a4       0x64 ../gcc/edge/bin/dm_conn.o
                0x00000000000115a4                DmConnUpdate
 .text.DmRemoteConnParamReqReply
                0x0000000000011608       0x50 ../gcc/edge/bin/dm_conn.o
                0x0000000000011608                DmRemoteConnParamReqReply
 .text.DmRemoteConnParamReqNegReply
                0x0000000000011658       0x50 ../gcc/edge/bin/dm_conn.o
                0x0000000000011658                DmRemoteConnParamReqNegReply
 .text.DmConnIdByHandle
                0x00000000000116a8       0x68 ../gcc/edge/bin/dm_conn.o
                0x00000000000116a8                DmConnIdByHandle
 .text.DmConnInUse
                0x0000000000011710       0x28 ../gcc/edge/bin/dm_conn.o
                0x0000000000011710                DmConnInUse
 .text.DmConnPeerAddrType
                0x0000000000011738       0x28 ../gcc/edge/bin/dm_conn.o
                0x0000000000011738                DmConnPeerAddrType
 .text.DmConnPeerAddr
                0x0000000000011760       0x24 ../gcc/edge/bin/dm_conn.o
                0x0000000000011760                DmConnPeerAddr
 .text.DmConnLocalAddrType
                0x0000000000011784       0x28 ../gcc/edge/bin/dm_conn.o
                0x0000000000011784                DmConnLocalAddrType
 .text.DmConnLocalAddr
                0x00000000000117ac       0x28 ../gcc/edge/bin/dm_conn.o
                0x00000000000117ac                DmConnLocalAddr
 .text.DmConnPeerRpa
                0x00000000000117d4       0x28 ../gcc/edge/bin/dm_conn.o
                0x00000000000117d4                DmConnPeerRpa
 .text.DmConnLocalRpa
                0x00000000000117fc       0x28 ../gcc/edge/bin/dm_conn.o
                0x00000000000117fc                DmConnLocalRpa
 .text.DmConnSecLevel
                0x0000000000011824       0x28 ../gcc/edge/bin/dm_conn.o
                0x0000000000011824                DmConnSecLevel
 .text.DmConnSetIdle
                0x000000000001184c       0xe0 ../gcc/edge/bin/dm_conn.o
                0x000000000001184c                DmConnSetIdle
 .text.DmConnCheckIdle
                0x000000000001192c       0x3c ../gcc/edge/bin/dm_conn.o
                0x000000000001192c                DmConnCheckIdle
 .text.DmConnRole
                0x0000000000011968       0x28 ../gcc/edge/bin/dm_conn.o
                0x0000000000011968                DmConnRole
 .text.dmConnUpdateCback
                0x0000000000011990       0x4c ../gcc/edge/bin/dm_conn_slave.o
 .text.dmConnSmActUpdateSlave
                0x00000000000119dc       0x64 ../gcc/edge/bin/dm_conn_slave.o
                0x00000000000119dc                dmConnSmActUpdateSlave
 .text.dmConnSmActL2cUpdateCnf
                0x0000000000011a40       0x34 ../gcc/edge/bin/dm_conn_slave.o
                0x0000000000011a40                dmConnSmActL2cUpdateCnf
 .text.DmL2cConnUpdateCnf
                0x0000000000011a74       0x44 ../gcc/edge/bin/dm_conn_slave.o
                0x0000000000011a74                DmL2cConnUpdateCnf
 .text.DmL2cCmdRejInd
                0x0000000000011ab8       0x48 ../gcc/edge/bin/dm_conn_slave.o
                0x0000000000011ab8                DmL2cCmdRejInd
 .text.dmConnSmActAccept
                0x0000000000011b00       0x24 ../gcc/edge/bin/dm_conn_slave_leg.o
                0x0000000000011b00                dmConnSmActAccept
 .text.dmConnSmActCancelAccept
                0x0000000000011b24       0x1c ../gcc/edge/bin/dm_conn_slave_leg.o
                0x0000000000011b24                dmConnSmActCancelAccept
 .text.dmConnSmActConnAccepted
                0x0000000000011b40       0x1c ../gcc/edge/bin/dm_conn_slave_leg.o
                0x0000000000011b40                dmConnSmActConnAccepted
 .text.dmConnSmActAcceptFailed
                0x0000000000011b5c       0x1c ../gcc/edge/bin/dm_conn_slave_leg.o
                0x0000000000011b5c                dmConnSmActAcceptFailed
 .text.DmConnSlaveInit
                0x0000000000011b78       0x14 ../gcc/edge/bin/dm_conn_slave_leg.o
                0x0000000000011b78                DmConnSlaveInit
 .text.dmConnSmExecute
                0x0000000000011b8c       0xb4 ../gcc/edge/bin/dm_conn_sm.o
                0x0000000000011b8c                dmConnSmExecute
 .text.dmDevActReset
                0x0000000000011c40       0x50 ../gcc/edge/bin/dm_dev.o
                0x0000000000011c40                dmDevActReset
 .text.dmDevHciEvtReset
                0x0000000000011c90       0x28 ../gcc/edge/bin/dm_dev.o
 .text.dmDevHciEvtVendorSpec
                0x0000000000011cb8       0x20 ../gcc/edge/bin/dm_dev.o
 .text.dmDevHciEvtHwError
                0x0000000000011cd8       0x20 ../gcc/edge/bin/dm_dev.o
 .text.dmDevHciHandler
                0x0000000000011cf8       0x38 ../gcc/edge/bin/dm_dev.o
                0x0000000000011cf8                dmDevHciHandler
 .text.dmDevMsgHandler
                0x0000000000011d30       0x18 ../gcc/edge/bin/dm_dev.o
                0x0000000000011d30                dmDevMsgHandler
 .text.dmDevPassEvtToDevPriv
                0x0000000000011d48       0x74 ../gcc/edge/bin/dm_dev.o
                0x0000000000011d48                dmDevPassEvtToDevPriv
 .text.dmDevPassEvtToConnCte
                0x0000000000011dbc       0x44 ../gcc/edge/bin/dm_dev.o
                0x0000000000011dbc                dmDevPassEvtToConnCte
 .text.DmDevReset
                0x0000000000011e00       0x30 ../gcc/edge/bin/dm_dev.o
                0x0000000000011e00                DmDevReset
 .text.DmDevVsInit
                0x0000000000011e30       0x1c ../gcc/edge/bin/dm_dev.o
                0x0000000000011e30                DmDevVsInit
 .text.dmHciEvtCback
                0x0000000000011e4c       0x44 ../gcc/edge/bin/dm_main.o
 .text.dmEmptyReset
                0x0000000000011e90        0x4 ../gcc/edge/bin/dm_main.o
                0x0000000000011e90                dmEmptyReset
 .text.dmEmptyHandler
                0x0000000000011e94        0xa ../gcc/edge/bin/dm_main.o
                0x0000000000011e94                dmEmptyHandler
 *fill*         0x0000000000011e9e        0x2 
 .text.dmDevPassHciEvtToConn
                0x0000000000011ea0       0x1c ../gcc/edge/bin/dm_main.o
                0x0000000000011ea0                dmDevPassHciEvtToConn
 .text.DmRegister
                0x0000000000011ebc       0x54 ../gcc/edge/bin/dm_main.o
                0x0000000000011ebc                DmRegister
 .text.DmHandlerInit
                0x0000000000011f10       0x34 ../gcc/edge/bin/dm_main.o
                0x0000000000011f10                DmHandlerInit
 .text.DmHandler
                0x0000000000011f44       0x40 ../gcc/edge/bin/dm_main.o
                0x0000000000011f44                DmHandler
 .text.DmLlPrivEnabled
                0x0000000000011f84        0xc ../gcc/edge/bin/dm_main.o
                0x0000000000011f84                DmLlPrivEnabled
 .text.DmLlAddrType
                0x0000000000011f90       0x44 ../gcc/edge/bin/dm_main.o
                0x0000000000011f90                DmLlAddrType
 .text.DmHostAddrType
                0x0000000000011fd4       0x44 ../gcc/edge/bin/dm_main.o
                0x0000000000011fd4                DmHostAddrType
 .text.DmSizeOfEvt
                0x0000000000012018       0x3c ../gcc/edge/bin/dm_main.o
                0x0000000000012018                DmSizeOfEvt
 .text.dmPrivActResolveAddr
                0x0000000000012054       0x8c ../gcc/edge/bin/dm_priv.o
                0x0000000000012054                dmPrivActResolveAddr
 .text.dmPrivActResAddrAesCmpl
                0x00000000000120e0       0x54 ../gcc/edge/bin/dm_priv.o
                0x00000000000120e0                dmPrivActResAddrAesCmpl
 .text.dmPrivActAddDevToResList
                0x0000000000012134       0x40 ../gcc/edge/bin/dm_priv.o
                0x0000000000012134                dmPrivActAddDevToResList
 .text.dmPrivActRemDevFromResList
                0x0000000000012174       0x30 ../gcc/edge/bin/dm_priv.o
                0x0000000000012174                dmPrivActRemDevFromResList
 .text.dmPrivActClearResList
                0x00000000000121a4       0x12 ../gcc/edge/bin/dm_priv.o
                0x00000000000121a4                dmPrivActClearResList
 .text.dmPrivActSetAddrResEnable
                0x00000000000121b6       0x1c ../gcc/edge/bin/dm_priv.o
                0x00000000000121b6                dmPrivActSetAddrResEnable
 .text.dmPrivActSetPrivacyMode
                0x00000000000121d2       0x24 ../gcc/edge/bin/dm_priv.o
                0x00000000000121d2                dmPrivActSetPrivacyMode
 *fill*         0x00000000000121f6        0x2 
 .text.dmPrivActGenAddr
                0x00000000000121f8       0x94 ../gcc/edge/bin/dm_priv.o
                0x00000000000121f8                dmPrivActGenAddr
 .text.dmPrivActGenAddrAesCmpl
                0x000000000001228c       0x60 ../gcc/edge/bin/dm_priv.o
                0x000000000001228c                dmPrivActGenAddrAesCmpl
 .text.dmPrivHciHandler
                0x00000000000122ec      0x100 ../gcc/edge/bin/dm_priv.o
                0x00000000000122ec                dmPrivHciHandler
 .text.dmPrivSetAddrResEnable
                0x00000000000123ec       0x28 ../gcc/edge/bin/dm_priv.o
 .text.dmPrivMsgHandler
                0x0000000000012414       0x24 ../gcc/edge/bin/dm_priv.o
                0x0000000000012414                dmPrivMsgHandler
 .text.dmPrivReset
                0x0000000000012438       0x18 ../gcc/edge/bin/dm_priv.o
                0x0000000000012438                dmPrivReset
 .text.DmPrivInit
                0x0000000000012450       0x14 ../gcc/edge/bin/dm_priv.o
                0x0000000000012450                DmPrivInit
 .text.DmPrivResolveAddr
                0x0000000000012464       0x5c ../gcc/edge/bin/dm_priv.o
                0x0000000000012464                DmPrivResolveAddr
 .text.DmPrivAddDevToResList
                0x00000000000124c0       0x7c ../gcc/edge/bin/dm_priv.o
                0x00000000000124c0                DmPrivAddDevToResList
 .text.DmPrivSetPrivacyMode
                0x000000000001253c       0x5c ../gcc/edge/bin/dm_priv.o
                0x000000000001253c                DmPrivSetPrivacyMode
 .text.dmSecHciHandler
                0x0000000000012598      0x124 ../gcc/edge/bin/dm_sec.o
                0x0000000000012598                dmSecHciHandler
 .text.dmSecMsgHandler
                0x00000000000126bc       0xa0 ../gcc/edge/bin/dm_sec.o
                0x00000000000126bc                dmSecMsgHandler
 .text.DmSmpCbackExec
                0x000000000001275c       0x44 ../gcc/edge/bin/dm_sec.o
                0x000000000001275c                DmSmpCbackExec
 .text.DmSecCancelReq
                0x00000000000127a0       0x46 ../gcc/edge/bin/dm_sec.o
                0x00000000000127a0                DmSecCancelReq
 .text.DmSecAuthRsp
                0x00000000000127e6       0x5c ../gcc/edge/bin/dm_sec.o
                0x00000000000127e6                DmSecAuthRsp
 *fill*         0x0000000000012842        0x2 
 .text.DmSecInit
                0x0000000000012844       0x28 ../gcc/edge/bin/dm_sec.o
                0x0000000000012844                DmSecInit
 .text.DmSecSetLocalIrk
                0x000000000001286c       0x20 ../gcc/edge/bin/dm_sec.o
                0x000000000001286c                DmSecSetLocalIrk
 .text.DmSecGetLocalCsrk
                0x000000000001288c        0xc ../gcc/edge/bin/dm_sec.o
                0x000000000001288c                DmSecGetLocalCsrk
 .text.DmSecGetLocalIrk
                0x0000000000012898        0xc ../gcc/edge/bin/dm_sec.o
                0x0000000000012898                DmSecGetLocalIrk
 .text.dmSecReset
                0x00000000000128a4        0xa ../gcc/edge/bin/dm_sec.o
                0x00000000000128a4                dmSecReset
 *fill*         0x00000000000128ae        0x2 
 .text.dmSecLescMsgHandler
                0x00000000000128b0       0x84 ../gcc/edge/bin/dm_sec_lesc.o
                0x00000000000128b0                dmSecLescMsgHandler
 .text.DmSecSetOob
                0x0000000000012934       0x20 ../gcc/edge/bin/dm_sec_lesc.o
                0x0000000000012934                DmSecSetOob
 .text.DmSecCalcOobReq
                0x0000000000012954       0xd8 ../gcc/edge/bin/dm_sec_lesc.o
                0x0000000000012954                DmSecCalcOobReq
 .text.DmSecGenerateEccKeyReq
                0x0000000000012a2c       0x18 ../gcc/edge/bin/dm_sec_lesc.o
                0x0000000000012a2c                DmSecGenerateEccKeyReq
 .text.DmSecSetEccKey
                0x0000000000012a44       0x24 ../gcc/edge/bin/dm_sec_lesc.o
                0x0000000000012a44                DmSecSetEccKey
 .text.DmSecGetEccKey
                0x0000000000012a68        0xc ../gcc/edge/bin/dm_sec_lesc.o
                0x0000000000012a68                DmSecGetEccKey
 .text.DmSecCompareRsp
                0x0000000000012a74       0x56 ../gcc/edge/bin/dm_sec_lesc.o
                0x0000000000012a74                DmSecCompareRsp
 *fill*         0x0000000000012aca        0x2 
 .text.DmSecGetCompareValue
                0x0000000000012acc       0x4c ../gcc/edge/bin/dm_sec_lesc.o
                0x0000000000012acc                DmSecGetCompareValue
 .text.DmSecLescInit
                0x0000000000012b18       0x14 ../gcc/edge/bin/dm_sec_lesc.o
                0x0000000000012b18                DmSecLescInit
 .text.DmSecPairRsp
                0x0000000000012b2c       0x7a ../gcc/edge/bin/dm_sec_slave.o
                0x0000000000012b2c                DmSecPairRsp
 .text.DmSecSlaveReq
                0x0000000000012ba6       0x46 ../gcc/edge/bin/dm_sec_slave.o
                0x0000000000012ba6                DmSecSlaveReq
 .text.DmSecLtkRsp
                0x0000000000012bec       0x74 ../gcc/edge/bin/dm_sec_slave.o
                0x0000000000012bec                DmSecLtkRsp
 .text.getNextToken
                0x0000000000012c60       0x40 ../gcc/edge/bin/sec_aes.o
 .text.SecAes   0x0000000000012ca0       0x74 ../gcc/edge/bin/sec_aes.o
                0x0000000000012ca0                SecAes
 .text.SecAesHciCback
                0x0000000000012d14       0x40 ../gcc/edge/bin/sec_aes.o
                0x0000000000012d14                SecAesHciCback
 .text.SecAesInit
                0x0000000000012d54       0x14 ../gcc/edge/bin/sec_aes.o
                0x0000000000012d54                SecAesInit
 .text.secCmacProcessBlock
                0x0000000000012d68       0xce ../gcc/edge/bin/sec_cmac_hci.o
 .text.secCmacGenSubkey1
                0x0000000000012e36       0x32 ../gcc/edge/bin/sec_cmac_hci.o
 .text.secCmacKeyShift
                0x0000000000012e68       0x9c ../gcc/edge/bin/sec_cmac_hci.o
 .text.secCmacGenSubkey2
                0x0000000000012f04       0x9e ../gcc/edge/bin/sec_cmac_hci.o
 .text.secCmacComplete
                0x0000000000012fa2       0x38 ../gcc/edge/bin/sec_cmac_hci.o
 .text.SecCmacHciCback
                0x0000000000012fda       0x60 ../gcc/edge/bin/sec_cmac_hci.o
                0x0000000000012fda                SecCmacHciCback
 *fill*         0x000000000001303a        0x2 
 .text.SecCmac  0x000000000001303c       0xb4 ../gcc/edge/bin/sec_cmac_hci.o
                0x000000000001303c                SecCmac
 .text.SecCmacInit
                0x00000000000130f0       0x14 ../gcc/edge/bin/sec_cmac_hci.o
                0x00000000000130f0                SecCmacInit
 .text.secHciCback
                0x0000000000013104      0x120 ../gcc/edge/bin/sec_main.o
 .text.SecInit  0x0000000000013224       0x40 ../gcc/edge/bin/sec_main.o
                0x0000000000013224                SecInit
 .text.SecRand  0x0000000000013264       0xa4 ../gcc/edge/bin/sec_main.o
                0x0000000000013264                SecRand
 .text.SecLeEncryptCmd
                0x0000000000013308       0x4c ../gcc/edge/bin/sec_main.o
                0x0000000000013308                SecLeEncryptCmd
 .text.attcPendWriteCmd
                0x0000000000013354       0x70 ../gcc/edge/bin/attc_main.o
 .text.attcSetPendWriteCmd
                0x00000000000133c4       0x4c ../gcc/edge/bin/attc_main.o
 .text.attcWriteCmdCallback
                0x0000000000013410       0x72 ../gcc/edge/bin/attc_main.o
 *fill*         0x0000000000013482        0x2 
 .text.attcSendSimpleReq
                0x0000000000013484       0x54 ../gcc/edge/bin/attc_main.o
 .text.attcSendContinuingReq
                0x00000000000134d8      0x108 ../gcc/edge/bin/attc_main.o
 .text.attcSendMtuReq
                0x00000000000135e0       0x50 ../gcc/edge/bin/attc_main.o
 .text.attcSendWriteCmd
                0x0000000000013630       0x42 ../gcc/edge/bin/attc_main.o
 *fill*         0x0000000000013672        0x2 
 .text.attcSendPrepWriteReq
                0x0000000000013674      0x124 ../gcc/edge/bin/attc_main.o
 .text.attcSendReq
                0x0000000000013798       0x24 ../gcc/edge/bin/attc_main.o
                0x0000000000013798                attcSendReq
 .text.attcSetupReq
                0x00000000000137bc       0x32 ../gcc/edge/bin/attc_main.o
                0x00000000000137bc                attcSetupReq
 *fill*         0x00000000000137ee        0x2 
 .text.attcDataCback
                0x00000000000137f0       0x80 ../gcc/edge/bin/attc_main.o
 .text.attcCtrlCback
                0x0000000000013870       0x3e ../gcc/edge/bin/attc_main.o
 *fill*         0x00000000000138ae        0x2 
 .text.attcConnCback
                0x00000000000138b0      0x124 ../gcc/edge/bin/attc_main.o
 .text.attcMsgCback
                0x00000000000139d4      0x14c ../gcc/edge/bin/attc_main.o
 .text.attcCcbByConnId
                0x0000000000013b20       0x4c ../gcc/edge/bin/attc_main.o
                0x0000000000013b20                attcCcbByConnId
 .text.attcCcbByHandle
                0x0000000000013b6c       0x44 ../gcc/edge/bin/attc_main.o
                0x0000000000013b6c                attcCcbByHandle
 .text.attcFreePkt
                0x0000000000013bb0       0x26 ../gcc/edge/bin/attc_main.o
                0x0000000000013bb0                attcFreePkt
 .text.attcExecCallback
                0x0000000000013bd6       0x4c ../gcc/edge/bin/attc_main.o
                0x0000000000013bd6                attcExecCallback
 .text.attcReqClear
                0x0000000000013c22       0x38 ../gcc/edge/bin/attc_main.o
                0x0000000000013c22                attcReqClear
 *fill*         0x0000000000013c5a        0x2 
 .text.AttcInit
                0x0000000000013c5c       0x7c ../gcc/edge/bin/attc_main.o
                0x0000000000013c5c                AttcInit
 .text.attcProcErrRsp
                0x0000000000013cd8       0x90 ../gcc/edge/bin/attc_proc.o
                0x0000000000013cd8                attcProcErrRsp
 .text.attcProcMtuRsp
                0x0000000000013d68       0x78 ../gcc/edge/bin/attc_proc.o
                0x0000000000013d68                attcProcMtuRsp
 .text.attcProcFindOrReadRsp
                0x0000000000013de0      0x1a8 ../gcc/edge/bin/attc_proc.o
                0x0000000000013de0                attcProcFindOrReadRsp
 .text.attcProcReadRsp
                0x0000000000013f88       0x14 ../gcc/edge/bin/attc_proc.o
                0x0000000000013f88                attcProcReadRsp
 .text.attcProcWriteRsp
                0x0000000000013f9c       0x1a ../gcc/edge/bin/attc_proc.o
                0x0000000000013f9c                attcProcWriteRsp
 *fill*         0x0000000000013fb6        0x2 
 .text.attcProcRsp
                0x0000000000013fb8      0x10c ../gcc/edge/bin/attc_proc.o
                0x0000000000013fb8                attcProcRsp
 .text.attcProcInd
                0x00000000000140c4       0xe4 ../gcc/edge/bin/attc_proc.o
                0x00000000000140c4                attcProcInd
 .text.attcSendMsg
                0x00000000000141a8      0x130 ../gcc/edge/bin/attc_proc.o
                0x00000000000141a8                attcSendMsg
 .text.AttcMtuReq
                0x00000000000142d8       0x70 ../gcc/edge/bin/attc_proc.o
                0x00000000000142d8                AttcMtuReq
 .text.AttcIndConfirm
                0x0000000000014348       0x6c ../gcc/edge/bin/attc_proc.o
                0x0000000000014348                AttcIndConfirm
 .text.attcProcFindByTypeRsp
                0x00000000000143b4      0x112 ../gcc/edge/bin/attc_read.o
                0x00000000000143b4                attcProcFindByTypeRsp
 .text.attcProcReadLongRsp
                0x00000000000144c6       0x42 ../gcc/edge/bin/attc_read.o
                0x00000000000144c6                attcProcReadLongRsp
 .text.attcProcPrepWriteRsp
                0x0000000000014508       0x40 ../gcc/edge/bin/attc_write.o
                0x0000000000014508                attcProcPrepWriteRsp
 .text.attsCccCback
                0x0000000000014548       0x60 ../gcc/edge/bin/atts_ccc.o
 .text.attsCccAllocTbl
                0x00000000000145a8       0x50 ../gcc/edge/bin/atts_ccc.o
 .text.attsCccGetTbl
                0x00000000000145f8       0x20 ../gcc/edge/bin/atts_ccc.o
 .text.attsCccFreeTbl
                0x0000000000014618       0x48 ../gcc/edge/bin/atts_ccc.o
 .text.attsCccReadValue
                0x0000000000014660       0xb0 ../gcc/edge/bin/atts_ccc.o
 .text.attsCccWriteValue
                0x0000000000014710      0x10c ../gcc/edge/bin/atts_ccc.o
 .text.attsCccMainCback
                0x000000000001481c       0x64 ../gcc/edge/bin/atts_ccc.o
 .text.AttsCccRegister
                0x0000000000014880       0x38 ../gcc/edge/bin/atts_ccc.o
                0x0000000000014880                AttsCccRegister
 .text.AttsCccInitTable
                0x00000000000148b8       0xa0 ../gcc/edge/bin/atts_ccc.o
                0x00000000000148b8                AttsCccInitTable
 .text.AttsCccClearTable
                0x0000000000014958       0x2c ../gcc/edge/bin/atts_ccc.o
                0x0000000000014958                AttsCccClearTable
 .text.AttsCccGet
                0x0000000000014984       0x3c ../gcc/edge/bin/atts_ccc.o
                0x0000000000014984                AttsCccGet
 .text.AttsCccEnabled
                0x00000000000149c0       0x5c ../gcc/edge/bin/atts_ccc.o
                0x00000000000149c0                AttsCccEnabled
 .text.AttsGetCccTableLen
                0x0000000000014a1c        0xc ../gcc/edge/bin/atts_ccc.o
                0x0000000000014a1c                AttsGetCccTableLen
 .text.attsCsfSetHashUpdateStatus
                0x0000000000014a28       0x88 ../gcc/edge/bin/atts_csf.o
                0x0000000000014a28                attsCsfSetHashUpdateStatus
 .text.attsCsfGetHashUpdateStatus
                0x0000000000014ab0        0xc ../gcc/edge/bin/atts_csf.o
                0x0000000000014ab0                attsCsfGetHashUpdateStatus
 .text.attsCsfIsClientChangeAware
                0x0000000000014abc       0x50 ../gcc/edge/bin/atts_csf.o
                0x0000000000014abc                attsCsfIsClientChangeAware
 .text.attsCsfActClientState
                0x0000000000014b0c      0x158 ../gcc/edge/bin/atts_csf.o
                0x0000000000014b0c                attsCsfActClientState
 .text.AttsCsfConnOpen
                0x0000000000014c64       0x60 ../gcc/edge/bin/atts_csf.o
                0x0000000000014c64                AttsCsfConnOpen
 .text.AttsCsfGetFeatures
                0x0000000000014cc4       0x40 ../gcc/edge/bin/atts_csf.o
                0x0000000000014cc4                AttsCsfGetFeatures
 .text.AttsCsfGetChangeAwareState
                0x0000000000014d04       0x20 ../gcc/edge/bin/atts_csf.o
                0x0000000000014d04                AttsCsfGetChangeAwareState
 .text.attsIndCcbByConnId
                0x0000000000014d24       0x4c ../gcc/edge/bin/atts_ind.o
 .text.attsPendIndNtfHandle
                0x0000000000014d70       0x8c ../gcc/edge/bin/atts_ind.o
 .text.attsSetPendNtfHandle
                0x0000000000014dfc       0x4c ../gcc/edge/bin/atts_ind.o
 .text.attsExecCallback
                0x0000000000014e48       0x36 ../gcc/edge/bin/atts_ind.o
 .text.attsIndNtfCallback
                0x0000000000014e7e       0x8c ../gcc/edge/bin/atts_ind.o
 *fill*         0x0000000000014f0a        0x2 
 .text.attsSetupMsg
                0x0000000000014f0c       0x98 ../gcc/edge/bin/atts_ind.o
 .text.attsIndConnCback
                0x0000000000014fa4       0x7c ../gcc/edge/bin/atts_ind.o
 .text.attsIndMsgCback
                0x0000000000015020       0xc6 ../gcc/edge/bin/atts_ind.o
 .text.attsIndCtrlCback
                0x00000000000150e6       0x32 ../gcc/edge/bin/atts_ind.o
 .text.attsHandleValueIndNtf
                0x0000000000015118      0x1b8 ../gcc/edge/bin/atts_ind.o
 .text.attsProcValueCnf
                0x00000000000152d0       0x62 ../gcc/edge/bin/atts_ind.o
                0x00000000000152d0                attsProcValueCnf
 *fill*         0x0000000000015332        0x2 
 .text.AttsIndInit
                0x0000000000015334       0x70 ../gcc/edge/bin/atts_ind.o
                0x0000000000015334                AttsIndInit
 .text.AttsHandleValueInd
                0x00000000000153a4       0x3a ../gcc/edge/bin/atts_ind.o
                0x00000000000153a4                AttsHandleValueInd
 .text.AttsHandleValueNtf
                0x00000000000153de       0x3a ../gcc/edge/bin/atts_ind.o
                0x00000000000153de                AttsHandleValueNtf
 .text.attsDataCback
                0x0000000000015418      0x168 ../gcc/edge/bin/atts_main.o
 .text.attsConnCback
                0x0000000000015580       0x4c ../gcc/edge/bin/atts_main.o
 .text.attsMsgCback
                0x00000000000155cc       0x60 ../gcc/edge/bin/atts_main.o
 .text.attsL2cCtrlCback
                0x000000000001562c       0x1c ../gcc/edge/bin/atts_main.o
 .text.attsErrRsp
                0x0000000000015648       0x8e ../gcc/edge/bin/atts_main.o
                0x0000000000015648                attsErrRsp
 .text.attsClearPrepWrites
                0x00000000000156d6       0x26 ../gcc/edge/bin/atts_main.o
                0x00000000000156d6                attsClearPrepWrites
 .text.attsDiscBusy
                0x00000000000156fc       0x5c ../gcc/edge/bin/atts_main.o
                0x00000000000156fc                attsDiscBusy
 .text.attsProcessDatabaseHashUpdate
                0x0000000000015758       0xa0 ../gcc/edge/bin/atts_main.o
                0x0000000000015758                attsProcessDatabaseHashUpdate
 .text.attsCheckPendDbHashReadRsp
                0x00000000000157f8      0x124 ../gcc/edge/bin/atts_main.o
                0x00000000000157f8                attsCheckPendDbHashReadRsp
 .text.AttsInit
                0x000000000001591c       0x38 ../gcc/edge/bin/atts_main.o
                0x000000000001591c                AttsInit
 .text.AttsAddGroup
                0x0000000000015954       0x58 ../gcc/edge/bin/atts_main.o
                0x0000000000015954                AttsAddGroup
 .text.AttsSetAttr
                0x00000000000159ac       0x84 ../gcc/edge/bin/atts_main.o
                0x00000000000159ac                AttsSetAttr
 .text.attsUuidCmp
                0x0000000000015a30       0x8e ../gcc/edge/bin/atts_proc.o
                0x0000000000015a30                attsUuidCmp
 .text.attsUuid16Cmp
                0x0000000000015abe       0x4e ../gcc/edge/bin/atts_proc.o
                0x0000000000015abe                attsUuid16Cmp
 .text.attsFindByHandle
                0x0000000000015b0c       0x5c ../gcc/edge/bin/atts_proc.o
                0x0000000000015b0c                attsFindByHandle
 .text.attsFindInRange
                0x0000000000015b68       0x84 ../gcc/edge/bin/atts_proc.o
                0x0000000000015b68                attsFindInRange
 .text.attsPermissions
                0x0000000000015bec       0xe0 ../gcc/edge/bin/atts_proc.o
                0x0000000000015bec                attsPermissions
 .text.attsProcMtuReq
                0x0000000000015ccc       0xcc ../gcc/edge/bin/atts_proc.o
                0x0000000000015ccc                attsProcMtuReq
 .text.attsProcFindInfoReq
                0x0000000000015d98      0x214 ../gcc/edge/bin/atts_proc.o
                0x0000000000015d98                attsProcFindInfoReq
 .text.attsProcReadReq
                0x0000000000015fac      0x164 ../gcc/edge/bin/atts_proc.o
                0x0000000000015fac                attsProcReadReq
 .text.attsFindUuidInRange
                0x0000000000016110       0xec ../gcc/edge/bin/atts_read.o
                0x0000000000016110                attsFindUuidInRange
 .text.attsFindServiceGroupEnd
                0x00000000000161fc      0x100 ../gcc/edge/bin/atts_read.o
                0x00000000000161fc                attsFindServiceGroupEnd
 .text.attsProcReadBlobReq
                0x00000000000162fc      0x1ac ../gcc/edge/bin/atts_read.o
                0x00000000000162fc                attsProcReadBlobReq
 .text.attsProcFindTypeReq
                0x00000000000164a8      0x22e ../gcc/edge/bin/atts_read.o
                0x00000000000164a8                attsProcFindTypeReq
 *fill*         0x00000000000166d6        0x2 
 .text.attsProcReadTypeReq
                0x00000000000166d8      0x3d0 ../gcc/edge/bin/atts_read.o
                0x00000000000166d8                attsProcReadTypeReq
 .text.attsProcReadMultReq
                0x0000000000016aa8      0x1d8 ../gcc/edge/bin/atts_read.o
                0x0000000000016aa8                attsProcReadMultReq
 .text.attsProcReadGroupTypeReq
                0x0000000000016c80      0x32c ../gcc/edge/bin/atts_read.o
                0x0000000000016c80                attsProcReadGroupTypeReq
 .text.attsSignCcbByConnId
                0x0000000000016fac       0x20 ../gcc/edge/bin/atts_sign.o
 .text.AttsSetCsrk
                0x0000000000016fcc       0x3c ../gcc/edge/bin/atts_sign.o
                0x0000000000016fcc                AttsSetCsrk
 .text.AttsSetSignCounter
                0x0000000000017008       0x24 ../gcc/edge/bin/atts_sign.o
                0x0000000000017008                AttsSetSignCounter
 .text.AttsGetSignCounter
                0x000000000001702c       0x20 ../gcc/edge/bin/atts_sign.o
                0x000000000001702c                AttsGetSignCounter
 .text.attsExecPrepWrite
                0x000000000001704c       0xf8 ../gcc/edge/bin/atts_write.o
 .text.attsProcWrite
                0x0000000000017144      0x1e4 ../gcc/edge/bin/atts_write.o
                0x0000000000017144                attsProcWrite
 .text.attsProcPrepWriteReq
                0x0000000000017328      0x238 ../gcc/edge/bin/atts_write.o
                0x0000000000017328                attsProcPrepWriteReq
 .text.attsProcExecWriteReq
                0x0000000000017560      0x12c ../gcc/edge/bin/atts_write.o
                0x0000000000017560                attsProcExecWriteReq
 .text.attL2cDataCback
                0x000000000001768c       0x58 ../gcc/edge/bin/att_main.o
 .text.attL2cCtrlCback
                0x00000000000176e4       0x70 ../gcc/edge/bin/att_main.o
 .text.attDmConnCback
                0x0000000000017754       0x9c ../gcc/edge/bin/att_main.o
 .text.attEmptyHandler
                0x00000000000177f0        0xa ../gcc/edge/bin/att_main.o
                0x00000000000177f0                attEmptyHandler
 .text.attEmptyConnCback
                0x00000000000177fa        0xc ../gcc/edge/bin/att_main.o
                0x00000000000177fa                attEmptyConnCback
 .text.attEmptyDataCback
                0x0000000000017806       0x16 ../gcc/edge/bin/att_main.o
                0x0000000000017806                attEmptyDataCback
 .text.attCcbByHandle
                0x000000000001781c       0x44 ../gcc/edge/bin/att_main.o
                0x000000000001781c                attCcbByHandle
 .text.attCcbByConnId
                0x0000000000017860       0x24 ../gcc/edge/bin/att_main.o
                0x0000000000017860                attCcbByConnId
 .text.attUuidCmp16to128
                0x0000000000017884       0x3c ../gcc/edge/bin/att_main.o
                0x0000000000017884                attUuidCmp16to128
 .text.attSetMtu
                0x00000000000178c0       0x54 ../gcc/edge/bin/att_main.o
                0x00000000000178c0                attSetMtu
 .text.attExecCallback
                0x0000000000017914       0x78 ../gcc/edge/bin/att_main.o
                0x0000000000017914                attExecCallback
 .text.attMsgAlloc
                0x000000000001798c       0x20 ../gcc/edge/bin/att_main.o
                0x000000000001798c                attMsgAlloc
 .text.AttHandlerInit
                0x00000000000179ac       0x50 ../gcc/edge/bin/att_main.o
                0x00000000000179ac                AttHandlerInit
 .text.AttHandler
                0x00000000000179fc       0x3c ../gcc/edge/bin/att_main.o
                0x00000000000179fc                AttHandler
 .text.AttRegister
                0x0000000000017a38       0x40 ../gcc/edge/bin/att_main.o
                0x0000000000017a38                AttRegister
 .text.AttConnRegister
                0x0000000000017a78       0x14 ../gcc/edge/bin/att_main.o
                0x0000000000017a78                AttConnRegister
 .text.AttMsgFree
                0x0000000000017a8c       0x40 ../gcc/edge/bin/att_main.o
                0x0000000000017a8c                AttMsgFree
 .text.__NVIC_EnableIRQ
                0x0000000000017acc       0x34 ../gcc/edge/bin/port.o
 .text.__NVIC_SetPriority
                0x0000000000017b00       0x50 ../gcc/edge/bin/port.o
 .text.pxPortInitialiseStack
                0x0000000000017b50       0x60 ../gcc/edge/bin/port.o
                0x0000000000017b50                pxPortInitialiseStack
 .text.prvTaskExitError
                0x0000000000017bb0       0x38 ../gcc/edge/bin/port.o
 *fill*         0x0000000000017be8        0x8 
 .text.SVC_Handler
                0x0000000000017bf0       0x28 ../gcc/edge/bin/port.o
                0x0000000000017bf0                SVC_Handler
 .text.prvPortStartFirstTask
                0x0000000000017c18       0x28 ../gcc/edge/bin/port.o
 .text.xPortStartScheduler
                0x0000000000017c40      0x110 ../gcc/edge/bin/port.o
                0x0000000000017c40                xPortStartScheduler
 .text.vPortEnterCritical
                0x0000000000017d50       0x40 ../gcc/edge/bin/port.o
                0x0000000000017d50                vPortEnterCritical
 .text.vPortExitCritical
                0x0000000000017d90       0x34 ../gcc/edge/bin/port.o
                0x0000000000017d90                vPortExitCritical
 *fill*         0x0000000000017dc4        0xc 
 .text.PendSV_Handler
                0x0000000000017dd0       0x68 ../gcc/edge/bin/port.o
                0x0000000000017dd0                PendSV_Handler
 .text.SysTick_Handler
                0x0000000000017e38       0x40 ../gcc/edge/bin/port.o
                0x0000000000017e38                SysTick_Handler
 .text.vPortEnableVFP
                0x0000000000017e78       0x14 ../gcc/edge/bin/port.o
 .text.vPortValidateInterruptPriority
                0x0000000000017e8c       0x50 ../gcc/edge/bin/port.o
                0x0000000000017e8c                vPortValidateInterruptPriority
 .text.vPortSuppressTicksAndSleep
                0x0000000000017edc      0x108 ../gcc/edge/bin/port.o
                0x0000000000017edc                vPortSuppressTicksAndSleep
 .text.xPortStimerTickHandler
                0x0000000000017fe4       0xcc ../gcc/edge/bin/port.o
                0x0000000000017fe4                xPortStimerTickHandler
 .text.am_stimer_cmpr0_isr
                0x00000000000180b0       0x2a ../gcc/edge/bin/port.o
                0x00000000000180b0                am_stimer_cmpr0_isr
 *fill*         0x00000000000180da        0x2 
 .text.am_stimer_cmpr1_isr
                0x00000000000180dc       0x38 ../gcc/edge/bin/port.o
                0x00000000000180dc                am_stimer_cmpr1_isr
 .text.vPortSetupTimerInterrupt
                0x0000000000018114       0x98 ../gcc/edge/bin/port.o
                0x0000000000018114                vPortSetupTimerInterrupt
 .text.WsfAssert
                0x00000000000181ac       0x24 ../gcc/edge/bin/wsf_assert.o
                0x00000000000181ac                WsfAssert
 .text.WsfBufInit
                0x00000000000181d0      0x16c ../gcc/edge/bin/wsf_buf.o
                0x00000000000181d0                WsfBufInit
 .text.WsfBufAlloc
                0x000000000001833c       0x8c ../gcc/edge/bin/wsf_buf.o
                0x000000000001833c                WsfBufAlloc
 .text.WsfBufFree
                0x00000000000183c8       0x70 ../gcc/edge/bin/wsf_buf.o
                0x00000000000183c8                WsfBufFree
 .text.WsfBufDiagRegister
                0x0000000000018438        0xa ../gcc/edge/bin/wsf_buf.o
                0x0000000000018438                WsfBufDiagRegister
 .text.WsfMsgDataAlloc
                0x0000000000018442       0x30 ../gcc/edge/bin/wsf_msg.o
                0x0000000000018442                WsfMsgDataAlloc
 .text.WsfMsgAlloc
                0x0000000000018472       0x30 ../gcc/edge/bin/wsf_msg.o
                0x0000000000018472                WsfMsgAlloc
 .text.WsfMsgFree
                0x00000000000184a2       0x18 ../gcc/edge/bin/wsf_msg.o
                0x00000000000184a2                WsfMsgFree
 .text.WsfMsgSend
                0x00000000000184ba       0x36 ../gcc/edge/bin/wsf_msg.o
                0x00000000000184ba                WsfMsgSend
 .text.WsfMsgEnq
                0x00000000000184f0       0x2c ../gcc/edge/bin/wsf_msg.o
                0x00000000000184f0                WsfMsgEnq
 .text.WsfMsgDeq
                0x000000000001851c       0x2e ../gcc/edge/bin/wsf_msg.o
                0x000000000001851c                WsfMsgDeq
 *fill*         0x000000000001854a        0x2 
 .text.WsfCsEnter
                0x000000000001854c       0x20 ../gcc/edge/bin/wsf_os.o
                0x000000000001854c                WsfCsEnter
 .text.WsfCsExit
                0x000000000001856c       0x20 ../gcc/edge/bin/wsf_os.o
                0x000000000001856c                WsfCsExit
 .text.WsfTaskLock
                0x000000000001858c        0xa ../gcc/edge/bin/wsf_os.o
                0x000000000001858c                WsfTaskLock
 .text.WsfTaskUnlock
                0x0000000000018596        0xa ../gcc/edge/bin/wsf_os.o
                0x0000000000018596                WsfTaskUnlock
 .text.WsfSetOsSpecificEvent
                0x00000000000185a0       0x94 ../gcc/edge/bin/wsf_os.o
                0x00000000000185a0                WsfSetOsSpecificEvent
 .text.WsfSetEvent
                0x0000000000018634       0x68 ../gcc/edge/bin/wsf_os.o
                0x0000000000018634                WsfSetEvent
 .text.WsfTaskSetReady
                0x000000000001869c       0x40 ../gcc/edge/bin/wsf_os.o
                0x000000000001869c                WsfTaskSetReady
 .text.WsfTaskMsgQueue
                0x00000000000186dc       0x14 ../gcc/edge/bin/wsf_os.o
                0x00000000000186dc                WsfTaskMsgQueue
 .text.WsfOsSetNextHandler
                0x00000000000186f0       0x34 ../gcc/edge/bin/wsf_os.o
                0x00000000000186f0                WsfOsSetNextHandler
 .text.WsfOsInit
                0x0000000000018724       0x2c ../gcc/edge/bin/wsf_os.o
                0x0000000000018724                WsfOsInit
 .text.wsfOsDispatcher
                0x0000000000018750      0x148 ../gcc/edge/bin/wsf_os.o
                0x0000000000018750                wsfOsDispatcher
 .text.WsfQueueEnq
                0x0000000000018898       0x42 ../gcc/edge/bin/wsf_queue.o
                0x0000000000018898                WsfQueueEnq
 .text.WsfQueueDeq
                0x00000000000188da       0x3a ../gcc/edge/bin/wsf_queue.o
                0x00000000000188da                WsfQueueDeq
 .text.WsfQueuePush
                0x0000000000018914       0x34 ../gcc/edge/bin/wsf_queue.o
                0x0000000000018914                WsfQueuePush
 .text.WsfQueueInsert
                0x0000000000018948       0x54 ../gcc/edge/bin/wsf_queue.o
                0x0000000000018948                WsfQueueInsert
 .text.WsfQueueRemove
                0x000000000001899c       0x4c ../gcc/edge/bin/wsf_queue.o
                0x000000000001899c                WsfQueueRemove
 .text.WsfQueueCount
                0x00000000000189e8       0x3e ../gcc/edge/bin/wsf_queue.o
                0x00000000000189e8                WsfQueueCount
 .text.WsfQueueEmpty
                0x0000000000018a26       0x2c ../gcc/edge/bin/wsf_queue.o
                0x0000000000018a26                WsfQueueEmpty
 *fill*         0x0000000000018a52        0x2 
 .text.wsfTimerRemove
                0x0000000000018a54       0x50 ../gcc/edge/bin/wsf_timer.o
 .text.wsfTimerInsert
                0x0000000000018aa4       0x6c ../gcc/edge/bin/wsf_timer.o
 .text.WsfTimer_handler
                0x0000000000018b10       0x16 ../gcc/edge/bin/wsf_timer.o
 *fill*         0x0000000000018b26        0x2 
 .text.WsfTimerInit
                0x0000000000018b28       0x50 ../gcc/edge/bin/wsf_timer.o
                0x0000000000018b28                WsfTimerInit
 .text.WsfTimerStartSec
                0x0000000000018b78       0x20 ../gcc/edge/bin/wsf_timer.o
                0x0000000000018b78                WsfTimerStartSec
 .text.WsfTimerStartMs
                0x0000000000018b98       0x28 ../gcc/edge/bin/wsf_timer.o
                0x0000000000018b98                WsfTimerStartMs
 .text.WsfTimerStop
                0x0000000000018bc0       0x1c ../gcc/edge/bin/wsf_timer.o
                0x0000000000018bc0                WsfTimerStop
 .text.WsfTimerUpdate
                0x0000000000018bdc       0x58 ../gcc/edge/bin/wsf_timer.o
                0x0000000000018bdc                WsfTimerUpdate
 .text.WsfTimerNextExpiration
                0x0000000000018c34       0x40 ../gcc/edge/bin/wsf_timer.o
                0x0000000000018c34                WsfTimerNextExpiration
 .text.WsfTimerServiceExpired
                0x0000000000018c74       0x50 ../gcc/edge/bin/wsf_timer.o
                0x0000000000018c74                WsfTimerServiceExpired
 .text.WsfTimerUpdateTicks
                0x0000000000018cc4       0x84 ../gcc/edge/bin/wsf_timer.o
                0x0000000000018cc4                WsfTimerUpdateTicks
 .text.WsfTrace
                0x0000000000018d48       0x4c ../gcc/edge/bin/wsf_trace.o
                0x0000000000018d48                WsfTrace
 .text.GattSendServiceChangedInd
                0x0000000000018d94       0xdc ../gcc/edge/bin/gatt_main.o
                0x0000000000018d94                GattSendServiceChangedInd
 .text.__NVIC_EnableIRQ
                0x0000000000018e70       0x34 ../gcc/edge/bin/hci_drv_apollo3.o
 .text.__NVIC_DisableIRQ
                0x0000000000018ea4       0x40 ../gcc/edge/bin/hci_drv_apollo3.o
 .text.error_check
                0x0000000000018ee4       0x38 ../gcc/edge/bin/hci_drv_apollo3.o
 .text.HciDrvRadioBoot
                0x0000000000018f1c      0x1f0 ../gcc/edge/bin/hci_drv_apollo3.o
                0x0000000000018f1c                HciDrvRadioBoot
 .text.HciDrvRadioShutdown
                0x000000000001910c       0x90 ../gcc/edge/bin/hci_drv_apollo3.o
                0x000000000001910c                HciDrvRadioShutdown
 .text.hciDrvWrite
                0x000000000001919c       0xc0 ../gcc/edge/bin/hci_drv_apollo3.o
                0x000000000001919c                hciDrvWrite
 .text.HciDrvHandlerInit
                0x000000000001925c       0x40 ../gcc/edge/bin/hci_drv_apollo3.o
                0x000000000001925c                HciDrvHandlerInit
 .text.HciDrvIntService
                0x000000000001929c       0x48 ../gcc/edge/bin/hci_drv_apollo3.o
                0x000000000001929c                HciDrvIntService
 .text.HciDrvHandler
                0x00000000000192e4      0x284 ../gcc/edge/bin/hci_drv_apollo3.o
                0x00000000000192e4                HciDrvHandler
 .text.HciDrvEmptyWriteQueue
                0x0000000000019568       0x20 ../gcc/edge/bin/hci_drv_apollo3.o
                0x0000000000019568                HciDrvEmptyWriteQueue
 .text.default_RNG
                0x0000000000019588        0xe ../gcc/edge/bin/uECC.o
 *fill*         0x0000000000019596        0x2 
 .text.uECC_set_rng
                0x0000000000019598       0x14 ../gcc/edge/bin/uECC.o
                0x0000000000019598                uECC_set_rng
 .text.vli_add  0x00000000000195ac       0x6e ../gcc/edge/bin/uECC.o
 .text.vli_sub  0x000000000001961a       0x78 ../gcc/edge/bin/uECC.o
 .text.vli_mult
                0x0000000000019692      0x5c8 ../gcc/edge/bin/uECC.o
 .text.vli_square
                0x0000000000019c5a      0x380 ../gcc/edge/bin/uECC.o
 .text.vli_clear
                0x0000000000019fda       0x28 ../gcc/edge/bin/uECC.o
 .text.vli_isZero
                0x000000000001a002       0x30 ../gcc/edge/bin/uECC.o
 .text.vli_testBit
                0x000000000001a032       0x26 ../gcc/edge/bin/uECC.o
 .text.vli_set  0x000000000001a058       0x32 ../gcc/edge/bin/uECC.o
 .text.vli_cmp  0x000000000001a08a       0x5a ../gcc/edge/bin/uECC.o
 .text.vli_rshift1
                0x000000000001a0e4       0x3e ../gcc/edge/bin/uECC.o
 .text.vli_modAdd
                0x000000000001a122       0x3e ../gcc/edge/bin/uECC.o
 .text.vli_modSub
                0x000000000001a160       0x30 ../gcc/edge/bin/uECC.o
 .text.vli_mmod_fast
                0x000000000001a190      0x278 ../gcc/edge/bin/uECC.o
 .text.vli_modMult_fast
                0x000000000001a408       0x28 ../gcc/edge/bin/uECC.o
 .text.vli_modSquare_fast
                0x000000000001a430       0x24 ../gcc/edge/bin/uECC.o
 .text.vli_modInv
                0x000000000001a454      0x1d8 ../gcc/edge/bin/uECC.o
 .text.EccPoint_isZero
                0x000000000001a62c       0x32 ../gcc/edge/bin/uECC.o
 *fill*         0x000000000001a65e        0x2 
 .text.EccPoint_double_jacobian
                0x000000000001a660      0x138 ../gcc/edge/bin/uECC.o
 .text.apply_z  0x000000000001a798       0x40 ../gcc/edge/bin/uECC.o
 .text.XYcZ_initial_double
                0x000000000001a7d8       0x66 ../gcc/edge/bin/uECC.o
 *fill*         0x000000000001a83e        0x2 
 .text.XYcZ_add
                0x000000000001a840       0xb8 ../gcc/edge/bin/uECC.o
 .text.XYcZ_addC
                0x000000000001a8f8      0x104 ../gcc/edge/bin/uECC.o
 .text.EccPoint_mult
                0x000000000001a9fc      0x1d4 ../gcc/edge/bin/uECC.o
 .text.EccPoint_compute_public_key
                0x000000000001abd0       0x94 ../gcc/edge/bin/uECC.o
 .text.vli_nativeToBytes
                0x000000000001ac64       0x7c ../gcc/edge/bin/uECC.o
 .text.vli_bytesToNative
                0x000000000001ace0       0x5c ../gcc/edge/bin/uECC.o
 .text.uECC_make_key
                0x000000000001ad3c       0x78 ../gcc/edge/bin/uECC.o
                0x000000000001ad3c                uECC_make_key
 .text.uECC_shared_secret
                0x000000000001adb4       0xec ../gcc/edge/bin/uECC.o
                0x000000000001adb4                uECC_shared_secret
 .text.curve_x_side
                0x000000000001aea0       0x54 ../gcc/edge/bin/uECC.o
 .text.uECC_valid_public_key
                0x000000000001aef4       0x9c ../gcc/edge/bin/uECC.o
                0x000000000001aef4                uECC_valid_public_key
 .text.main     0x000000000001af90       0x40 ../gcc/edge/bin/ble_freertos_dats.o
                0x000000000001af90                main
 .text.__NVIC_SetPriority
                0x000000000001afd0       0x50 ../gcc/edge/bin/radio_task.o
 .text.exactle_stack_init
                0x000000000001b020      0x170 ../gcc/edge/bin/radio_task.o
                0x000000000001b020                exactle_stack_init
 .text.am_uart_isr
                0x000000000001b190       0x24 ../gcc/edge/bin/radio_task.o
                0x000000000001b190                am_uart_isr
 .text.am_ble_isr
                0x000000000001b1b4       0x12 ../gcc/edge/bin/radio_task.o
                0x000000000001b1b4                am_ble_isr
 *fill*         0x000000000001b1c6        0x2 
 .text.RadioTaskSetup
                0x000000000001b1c8       0x20 ../gcc/edge/bin/radio_task.o
                0x000000000001b1c8                RadioTaskSetup
 .text.RadioTask
                0x000000000001b1e8       0x20 ../gcc/edge/bin/radio_task.o
                0x000000000001b1e8                RadioTask
 .text.am_ctimer_isr
                0x000000000001b208       0x20 ../gcc/edge/bin/rtos.o
                0x000000000001b208                am_ctimer_isr
 .text.am_freertos_sleep
                0x000000000001b228       0x16 ../gcc/edge/bin/rtos.o
                0x000000000001b228                am_freertos_sleep
 .text.am_freertos_wakeup
                0x000000000001b23e        0xa ../gcc/edge/bin/rtos.o
                0x000000000001b23e                am_freertos_wakeup
 .text.vApplicationMallocFailedHook
                0x000000000001b248        0x2 ../gcc/edge/bin/rtos.o
                0x000000000001b248                vApplicationMallocFailedHook
 .text.vApplicationStackOverflowHook
                0x000000000001b24a        0xa ../gcc/edge/bin/rtos.o
                0x000000000001b24a                vApplicationStackOverflowHook
 .text.setup_task
                0x000000000001b254       0x40 ../gcc/edge/bin/rtos.o
                0x000000000001b254                setup_task
 .text.run_tasks
                0x000000000001b294       0x34 ../gcc/edge/bin/rtos.o
                0x000000000001b294                run_tasks
 .text.BdaCpy   0x000000000001b2c8       0x1a ../gcc/edge/bin/bda.o
                0x000000000001b2c8                BdaCpy
 .text.BdaCmp   0x000000000001b2e2       0x26 ../gcc/edge/bin/bda.o
                0x000000000001b2e2                BdaCmp
 .text.BdaClr   0x000000000001b308       0x1c ../gcc/edge/bin/bda.o
                0x000000000001b308                BdaClr
 .text.BdaIsZeros
                0x000000000001b324       0x2e ../gcc/edge/bin/bda.o
                0x000000000001b324                BdaIsZeros
 .text.Calc128Cpy
                0x000000000001b352       0x1a ../gcc/edge/bin/calc128.o
                0x000000000001b352                Calc128Cpy
 .text.Calc128Cpy64
                0x000000000001b36c       0x1a ../gcc/edge/bin/calc128.o
                0x000000000001b36c                Calc128Cpy64
 .text.Calc128Xor
                0x000000000001b386       0x3c ../gcc/edge/bin/calc128.o
                0x000000000001b386                Calc128Xor
 .text.WStrReverseCpy
                0x000000000001b3c2       0x52 ../gcc/edge/bin/wstr.o
                0x000000000001b3c2                WStrReverseCpy
 .text.WStrReverse
                0x000000000001b414       0x72 ../gcc/edge/bin/wstr.o
                0x000000000001b414                WStrReverse
 *fill*         0x000000000001b486        0x2 
 .text.l2cDefaultDataCback
                0x000000000001b488       0x24 ../gcc/edge/bin/l2c_main.o
 .text.l2cDefaultDataCidCback
                0x000000000001b4ac       0x30 ../gcc/edge/bin/l2c_main.o
 .text.l2cDefaultCtrlCback
                0x000000000001b4dc        0xa ../gcc/edge/bin/l2c_main.o
 *fill*         0x000000000001b4e6        0x2 
 .text.l2cRxSignalingPkt
                0x000000000001b4e8       0x9c ../gcc/edge/bin/l2c_main.o
                0x000000000001b4e8                l2cRxSignalingPkt
 .text.l2cHciAclCback
                0x000000000001b584      0x130 ../gcc/edge/bin/l2c_main.o
 .text.l2cHciFlowCback
                0x000000000001b6b4       0x70 ../gcc/edge/bin/l2c_main.o
 .text.l2cSendCmdReject
                0x000000000001b724       0x8a ../gcc/edge/bin/l2c_main.o
                0x000000000001b724                l2cSendCmdReject
 .text.l2cMsgAlloc
                0x000000000001b7ae       0x20 ../gcc/edge/bin/l2c_main.o
                0x000000000001b7ae                l2cMsgAlloc
 *fill*         0x000000000001b7ce        0x2 
 .text.L2cInit  0x000000000001b7d0       0x5c ../gcc/edge/bin/l2c_main.o
                0x000000000001b7d0                L2cInit
 .text.L2cRegister
                0x000000000001b82c       0x38 ../gcc/edge/bin/l2c_main.o
                0x000000000001b82c                L2cRegister
 .text.L2cDataReq
                0x000000000001b864       0xae ../gcc/edge/bin/l2c_main.o
                0x000000000001b864                L2cDataReq
 *fill*         0x000000000001b912        0x2 
 .text.l2cSlaveReqTimeout
                0x000000000001b914       0x24 ../gcc/edge/bin/l2c_slave.o
 .text.l2cSlaveRxSignalingPkt
                0x000000000001b938      0x148 ../gcc/edge/bin/l2c_slave.o
 .text.L2cSlaveInit
                0x000000000001ba80       0x40 ../gcc/edge/bin/l2c_slave.o
                0x000000000001ba80                L2cSlaveInit
 .text.L2cDmConnUpdateReq
                0x000000000001bac0      0x138 ../gcc/edge/bin/l2c_slave.o
                0x000000000001bac0                L2cDmConnUpdateReq
 .text.L2cSlaveHandlerInit
                0x000000000001bbf8       0x28 ../gcc/edge/bin/l2c_slave.o
                0x000000000001bbf8                L2cSlaveHandlerInit
 .text.L2cSlaveHandler
                0x000000000001bc20       0x28 ../gcc/edge/bin/l2c_slave.o
                0x000000000001bc20                L2cSlaveHandler
 .text.byte_to_float
                0x000000000001bc48       0x60 ../gcc/edge/bin/dats_main.o
                0x000000000001bc48                byte_to_float
 .text.datsSendData
                0x000000000001bca8       0xb0 ../gcc/edge/bin/dats_main.o
 .text.datsDmCback
                0x000000000001bd58       0xd4 ../gcc/edge/bin/dats_main.o
 .text.datsAttCback
                0x000000000001be2c       0x30 ../gcc/edge/bin/dats_main.o
 .text.datsCccCback
                0x000000000001be5c       0x48 ../gcc/edge/bin/dats_main.o
 .text.datsWpWriteCback
                0x000000000001bea4       0x44 ../gcc/edge/bin/dats_main.o
                0x000000000001bea4                datsWpWriteCback
 .text.datsSetup
                0x000000000001bee8       0x44 ../gcc/edge/bin/dats_main.o
 .text.datsProcMsg
                0x000000000001bf2c      0x244 ../gcc/edge/bin/dats_main.o
 .text.DatsHandlerInit
                0x000000000001c170       0x7c ../gcc/edge/bin/dats_main.o
                0x000000000001c170                DatsHandlerInit
 .text.datsBtnCback
                0x000000000001c1ec       0x28 ../gcc/edge/bin/dats_main.o
 .text.datsWsfBufDiagnostics
                0x000000000001c214       0x2c ../gcc/edge/bin/dats_main.o
 .text.DatsHandler
                0x000000000001c240       0x4c ../gcc/edge/bin/dats_main.o
                0x000000000001c240                DatsHandler
 .text.DatsStart
                0x000000000001c28c       0x74 ../gcc/edge/bin/dats_main.o
                0x000000000001c28c                DatsStart
 .text.AppDbInit
                0x000000000001c300        0x4 ../gcc/edge/bin/app_db.o
                0x000000000001c300                AppDbInit
 .text.AppDbNewRecord
                0x000000000001c304       0xc0 ../gcc/edge/bin/app_db.o
                0x000000000001c304                AppDbNewRecord
 .text.AppDbGetNextRecord
                0x000000000001c3c4       0x68 ../gcc/edge/bin/app_db.o
                0x000000000001c3c4                AppDbGetNextRecord
 .text.AppDbDeleteRecord
                0x000000000001c42c       0x12 ../gcc/edge/bin/app_db.o
                0x000000000001c42c                AppDbDeleteRecord
 .text.AppDbValidateRecord
                0x000000000001c43e       0x22 ../gcc/edge/bin/app_db.o
                0x000000000001c43e                AppDbValidateRecord
 .text.AppDbCheckValidRecord
                0x000000000001c460       0x1e ../gcc/edge/bin/app_db.o
                0x000000000001c460                AppDbCheckValidRecord
 *fill*         0x000000000001c47e        0x2 
 .text.AppDbRecordInUse
                0x000000000001c480       0x54 ../gcc/edge/bin/app_db.o
                0x000000000001c480                AppDbRecordInUse
 .text.AppDbCheckBonded
                0x000000000001c4d4       0x4c ../gcc/edge/bin/app_db.o
                0x000000000001c4d4                AppDbCheckBonded
 .text.AppDbFindByAddr
                0x000000000001c520       0x78 ../gcc/edge/bin/app_db.o
                0x000000000001c520                AppDbFindByAddr
 .text.AppDbFindByLtkReq
                0x000000000001c598       0x70 ../gcc/edge/bin/app_db.o
                0x000000000001c598                AppDbFindByLtkReq
 .text.AppDbGetKey
                0x000000000001c608       0x94 ../gcc/edge/bin/app_db.o
                0x000000000001c608                AppDbGetKey
 .text.AppDbSetKey
                0x000000000001c69c       0xf4 ../gcc/edge/bin/app_db.o
                0x000000000001c69c                AppDbSetKey
 .text.AppDbGetCccTbl
                0x000000000001c790        0xe ../gcc/edge/bin/app_db.o
                0x000000000001c790                AppDbGetCccTbl
 .text.AppDbSetCccTblValue
                0x000000000001c79e       0x28 ../gcc/edge/bin/app_db.o
                0x000000000001c79e                AppDbSetCccTblValue
 .text.AppDbGetCsfRecord
                0x000000000001c7c6       0x22 ../gcc/edge/bin/app_db.o
                0x000000000001c7c6                AppDbGetCsfRecord
 .text.AppDbSetCsfRecord
                0x000000000001c7e8       0x32 ../gcc/edge/bin/app_db.o
                0x000000000001c7e8                AppDbSetCsfRecord
 .text.AppDbGetPeerSignCounter
                0x000000000001c81a       0x10 ../gcc/edge/bin/app_db.o
                0x000000000001c81a                AppDbGetPeerSignCounter
 .text.AppDbSetPeerSignCounter
                0x000000000001c82a       0x14 ../gcc/edge/bin/app_db.o
                0x000000000001c82a                AppDbSetPeerSignCounter
 .text.AppDbGetPeerAddedToRl
                0x000000000001c83e       0x10 ../gcc/edge/bin/app_db.o
                0x000000000001c83e                AppDbGetPeerAddedToRl
 .text.AppDbSetPeerAddedToRl
                0x000000000001c84e       0x1a ../gcc/edge/bin/app_db.o
                0x000000000001c84e                AppDbSetPeerAddedToRl
 .text.AppDbGetPeerRpao
                0x000000000001c868       0x10 ../gcc/edge/bin/app_db.o
                0x000000000001c868                AppDbGetPeerRpao
 .text.AppUiAction
                0x000000000001c878      0x1d8 ../gcc/edge/bin/app_ui.o
                0x000000000001c878                AppUiAction
 .text.AppUiDisplayPasskey
                0x000000000001ca50       0x1c ../gcc/edge/bin/app_ui.o
                0x000000000001ca50                AppUiDisplayPasskey
 .text.AppUiDisplayConfirmValue
                0x000000000001ca6c       0x1c ../gcc/edge/bin/app_ui.o
                0x000000000001ca6c                AppUiDisplayConfirmValue
 .text.appUiTimerExpired
                0x000000000001ca88        0xa ../gcc/edge/bin/app_ui.o
                0x000000000001ca88                appUiTimerExpired
 *fill*         0x000000000001ca92        0x2 
 .text.appUiBtnPoll
                0x000000000001ca94       0x18 ../gcc/edge/bin/app_ui.o
                0x000000000001ca94                appUiBtnPoll
 .text.AppUiBtnPressed
                0x000000000001caac        0x4 ../gcc/edge/bin/app_ui.o
                0x000000000001caac                AppUiBtnPressed
 .text.AppUiBtnRegister
                0x000000000001cab0       0x14 ../gcc/edge/bin/app_ui.o
                0x000000000001cab0                AppUiBtnRegister
 .text.HciEvtRegister
                0x000000000001cac4       0x14 ../gcc/edge/bin/hci_main.o
                0x000000000001cac4                HciEvtRegister
 .text.HciSecRegister
                0x000000000001cad8       0x14 ../gcc/edge/bin/hci_main.o
                0x000000000001cad8                HciSecRegister
 .text.HciAclRegister
                0x000000000001caec       0x1c ../gcc/edge/bin/hci_main.o
                0x000000000001caec                HciAclRegister
 .text.HciHandlerInit
                0x000000000001cb08       0x30 ../gcc/edge/bin/hci_main.o
                0x000000000001cb08                HciHandlerInit
 .text.HciHandler
                0x000000000001cb38       0x20 ../gcc/edge/bin/hci_main.o
                0x000000000001cb38                HciHandler
 .text.secEccRng
                0x000000000001cb58       0x1e ../gcc/edge/bin/sec_ecc.o
 .text.SecEccGenKey
                0x000000000001cb76       0x64 ../gcc/edge/bin/sec_ecc.o
                0x000000000001cb76                SecEccGenKey
 .text.SecEccGenSharedSecret
                0x000000000001cbda       0xa0 ../gcc/edge/bin/sec_ecc.o
                0x000000000001cbda                SecEccGenSharedSecret
 *fill*         0x000000000001cc7a        0x2 
 .text.SecEccInit
                0x000000000001cc7c       0x10 ../gcc/edge/bin/sec_ecc.o
                0x000000000001cc7c                SecEccInit
 .text.hciCmdAlloc
                0x000000000001cc8c       0x66 ../gcc/edge/bin/hci_cmd.o
                0x000000000001cc8c                hciCmdAlloc
 *fill*         0x000000000001ccf2        0x2 
 .text.hciCmdSend
                0x000000000001ccf4       0x78 ../gcc/edge/bin/hci_cmd.o
                0x000000000001ccf4                hciCmdSend
 .text.hciCmdInit
                0x000000000001cd6c       0x2c ../gcc/edge/bin/hci_cmd.o
                0x000000000001cd6c                hciCmdInit
 .text.hciCmdTimeout
                0x000000000001cd98       0x1c ../gcc/edge/bin/hci_cmd.o
                0x000000000001cd98                hciCmdTimeout
 .text.hciCmdRecvCmpl
                0x000000000001cdb4       0x28 ../gcc/edge/bin/hci_cmd.o
                0x000000000001cdb4                hciCmdRecvCmpl
 .text.HciDisconnectCmd
                0x000000000001cddc       0x64 ../gcc/edge/bin/hci_cmd.o
                0x000000000001cddc                HciDisconnectCmd
 .text.HciLeConnUpdateCmd
                0x000000000001ce40      0x112 ../gcc/edge/bin/hci_cmd.o
                0x000000000001ce40                HciLeConnUpdateCmd
 .text.HciLeRemoteConnParamReqReply
                0x000000000001cf52      0x128 ../gcc/edge/bin/hci_cmd.o
                0x000000000001cf52                HciLeRemoteConnParamReqReply
 .text.HciLeRemoteConnParamReqNegReply
                0x000000000001d07a       0x64 ../gcc/edge/bin/hci_cmd.o
                0x000000000001d07a                HciLeRemoteConnParamReqNegReply
 .text.HciLeSetDataLen
                0x000000000001d0de       0x9c ../gcc/edge/bin/hci_cmd.o
                0x000000000001d0de                HciLeSetDataLen
 .text.HciLeWriteDefDataLen
                0x000000000001d17a       0x78 ../gcc/edge/bin/hci_cmd.o
                0x000000000001d17a                HciLeWriteDefDataLen
 .text.HciLeReadMaxDataLen
                0x000000000001d1f2       0x24 ../gcc/edge/bin/hci_cmd.o
                0x000000000001d1f2                HciLeReadMaxDataLen
 .text.HciLeEncryptCmd
                0x000000000001d216       0x48 ../gcc/edge/bin/hci_cmd.o
                0x000000000001d216                HciLeEncryptCmd
 .text.HciLeLtkReqNegReplCmd
                0x000000000001d25e       0x50 ../gcc/edge/bin/hci_cmd.o
                0x000000000001d25e                HciLeLtkReqNegReplCmd
 .text.HciLeLtkReqReplCmd
                0x000000000001d2ae       0x5c ../gcc/edge/bin/hci_cmd.o
                0x000000000001d2ae                HciLeLtkReqReplCmd
 .text.HciLeRandCmd
                0x000000000001d30a       0x24 ../gcc/edge/bin/hci_cmd.o
                0x000000000001d30a                HciLeRandCmd
 .text.HciLeReadBufSizeCmd
                0x000000000001d32e       0x24 ../gcc/edge/bin/hci_cmd.o
                0x000000000001d32e                HciLeReadBufSizeCmd
 .text.HciLeReadLocalSupFeatCmd
                0x000000000001d352       0x24 ../gcc/edge/bin/hci_cmd.o
                0x000000000001d352                HciLeReadLocalSupFeatCmd
 .text.HciLeReadRemoteFeatCmd
                0x000000000001d376       0x50 ../gcc/edge/bin/hci_cmd.o
                0x000000000001d376                HciLeReadRemoteFeatCmd
 .text.HciLeReadSupStatesCmd
                0x000000000001d3c6       0x24 ../gcc/edge/bin/hci_cmd.o
                0x000000000001d3c6                HciLeReadSupStatesCmd
 .text.HciLeReadWhiteListSizeCmd
                0x000000000001d3ea       0x24 ../gcc/edge/bin/hci_cmd.o
                0x000000000001d3ea                HciLeReadWhiteListSizeCmd
 .text.HciLeSetAdvEnableCmd
                0x000000000001d40e       0x3c ../gcc/edge/bin/hci_cmd.o